Archive member included to satisfy reference by file (symbol)

/Applications/Ac6/SystemWorkbench.app/Contents/Eclipse/plugins/fr.ac6.mcu.externaltools.arm-none.macos64_1.15.0.201708311556/tools/compiler/bin/../lib/gcc/arm-none-eabi/6.3.1/../../../../arm-none-eabi/lib/thumb/v7e-m/fpv4-sp/hard/libm.a(lib_a-s_trunc.o)
                              DataLog/User/datalog_application.o (trunc)
/Applications/Ac6/SystemWorkbench.app/Contents/Eclipse/plugins/fr.ac6.mcu.externaltools.arm-none.macos64_1.15.0.201708311556/tools/compiler/bin/../lib/gcc/arm-none-eabi/6.3.1/../../../../arm-none-eabi/lib/thumb/v7e-m/fpv4-sp/hard/libm.a(lib_a-w_pow.o)
                              DataLog/User/datalog_application.o (pow)
/Applications/Ac6/SystemWorkbench.app/Contents/Eclipse/plugins/fr.ac6.mcu.externaltools.arm-none.macos64_1.15.0.201708311556/tools/compiler/bin/../lib/gcc/arm-none-eabi/6.3.1/../../../../arm-none-eabi/lib/thumb/v7e-m/fpv4-sp/hard/libm.a(lib_a-e_pow.o)
                              /Applications/Ac6/SystemWorkbench.app/Contents/Eclipse/plugins/fr.ac6.mcu.externaltools.arm-none.macos64_1.15.0.201708311556/tools/compiler/bin/../lib/gcc/arm-none-eabi/6.3.1/../../../../arm-none-eabi/lib/thumb/v7e-m/fpv4-sp/hard/libm.a(lib_a-w_pow.o) (__ieee754_pow)
/Applications/Ac6/SystemWorkbench.app/Contents/Eclipse/plugins/fr.ac6.mcu.externaltools.arm-none.macos64_1.15.0.201708311556/tools/compiler/bin/../lib/gcc/arm-none-eabi/6.3.1/../../../../arm-none-eabi/lib/thumb/v7e-m/fpv4-sp/hard/libm.a(lib_a-e_sqrt.o)
                              /Applications/Ac6/SystemWorkbench.app/Contents/Eclipse/plugins/fr.ac6.mcu.externaltools.arm-none.macos64_1.15.0.201708311556/tools/compiler/bin/../lib/gcc/arm-none-eabi/6.3.1/../../../../arm-none-eabi/lib/thumb/v7e-m/fpv4-sp/hard/libm.a(lib_a-e_pow.o) (__ieee754_sqrt)
/Applications/Ac6/SystemWorkbench.app/Contents/Eclipse/plugins/fr.ac6.mcu.externaltools.arm-none.macos64_1.15.0.201708311556/tools/compiler/bin/../lib/gcc/arm-none-eabi/6.3.1/../../../../arm-none-eabi/lib/thumb/v7e-m/fpv4-sp/hard/libm.a(lib_a-s_fabs.o)
                              /Applications/Ac6/SystemWorkbench.app/Contents/Eclipse/plugins/fr.ac6.mcu.externaltools.arm-none.macos64_1.15.0.201708311556/tools/compiler/bin/../lib/gcc/arm-none-eabi/6.3.1/../../../../arm-none-eabi/lib/thumb/v7e-m/fpv4-sp/hard/libm.a(lib_a-e_pow.o) (fabs)
/Applications/Ac6/SystemWorkbench.app/Contents/Eclipse/plugins/fr.ac6.mcu.externaltools.arm-none.macos64_1.15.0.201708311556/tools/compiler/bin/../lib/gcc/arm-none-eabi/6.3.1/../../../../arm-none-eabi/lib/thumb/v7e-m/fpv4-sp/hard/libm.a(lib_a-s_finite.o)
                              /Applications/Ac6/SystemWorkbench.app/Contents/Eclipse/plugins/fr.ac6.mcu.externaltools.arm-none.macos64_1.15.0.201708311556/tools/compiler/bin/../lib/gcc/arm-none-eabi/6.3.1/../../../../arm-none-eabi/lib/thumb/v7e-m/fpv4-sp/hard/libm.a(lib_a-w_pow.o) (finite)
/Applications/Ac6/SystemWorkbench.app/Contents/Eclipse/plugins/fr.ac6.mcu.externaltools.arm-none.macos64_1.15.0.201708311556/tools/compiler/bin/../lib/gcc/arm-none-eabi/6.3.1/../../../../arm-none-eabi/lib/thumb/v7e-m/fpv4-sp/hard/libm.a(lib_a-s_lib_ver.o)
                              /Applications/Ac6/SystemWorkbench.app/Contents/Eclipse/plugins/fr.ac6.mcu.externaltools.arm-none.macos64_1.15.0.201708311556/tools/compiler/bin/../lib/gcc/arm-none-eabi/6.3.1/../../../../arm-none-eabi/lib/thumb/v7e-m/fpv4-sp/hard/libm.a(lib_a-w_pow.o) (__fdlib_version)
/Applications/Ac6/SystemWorkbench.app/Contents/Eclipse/plugins/fr.ac6.mcu.externaltools.arm-none.macos64_1.15.0.201708311556/tools/compiler/bin/../lib/gcc/arm-none-eabi/6.3.1/../../../../arm-none-eabi/lib/thumb/v7e-m/fpv4-sp/hard/libm.a(lib_a-s_matherr.o)
                              /Applications/Ac6/SystemWorkbench.app/Contents/Eclipse/plugins/fr.ac6.mcu.externaltools.arm-none.macos64_1.15.0.201708311556/tools/compiler/bin/../lib/gcc/arm-none-eabi/6.3.1/../../../../arm-none-eabi/lib/thumb/v7e-m/fpv4-sp/hard/libm.a(lib_a-w_pow.o) (matherr)
/Applications/Ac6/SystemWorkbench.app/Contents/Eclipse/plugins/fr.ac6.mcu.externaltools.arm-none.macos64_1.15.0.201708311556/tools/compiler/bin/../lib/gcc/arm-none-eabi/6.3.1/../../../../arm-none-eabi/lib/thumb/v7e-m/fpv4-sp/hard/libm.a(lib_a-s_nan.o)
                              /Applications/Ac6/SystemWorkbench.app/Contents/Eclipse/plugins/fr.ac6.mcu.externaltools.arm-none.macos64_1.15.0.201708311556/tools/compiler/bin/../lib/gcc/arm-none-eabi/6.3.1/../../../../arm-none-eabi/lib/thumb/v7e-m/fpv4-sp/hard/libm.a(lib_a-e_pow.o) (nan)
/Applications/Ac6/SystemWorkbench.app/Contents/Eclipse/plugins/fr.ac6.mcu.externaltools.arm-none.macos64_1.15.0.201708311556/tools/compiler/bin/../lib/gcc/arm-none-eabi/6.3.1/../../../../arm-none-eabi/lib/thumb/v7e-m/fpv4-sp/hard/libm.a(lib_a-s_rint.o)
[...]
Memory Configuration

Name             Origin             Length             Attributes
FLASH            0x0000000008004000 0x0000000000040000 xr
RAM              0x0000000020000000 0x0000000000018000 xrw
SRAM2            0x0000000010000000 0x0000000000008000 xrw
*default*        0x0000000000000000 0xffffffffffffffff

Linker script and memory map

LOAD /Applications/Ac6/SystemWorkbench.app/Contents/Eclipse/plugins/fr.ac6.mcu.externaltools.arm-none.macos64_1.15.0.201708311556/tools/compiler/bin/../lib/gcc/arm-none-eabi/6.3.1/thumb/v7e-m/fpv4-sp/hard/crti.o
LOAD /Applications/Ac6/SystemWorkbench.app/Contents/Eclipse/plugins/fr.ac6.mcu.externaltools.arm-none.macos64_1.15.0.201708311556/tools/compiler/bin/../lib/gcc/arm-none-eabi/6.3.1/thumb/v7e-m/fpv4-sp/hard/crtbegin.o
LOAD /Applications/Ac6/SystemWorkbench.app/Contents/Eclipse/plugins/fr.ac6.mcu.externaltools.arm-none.macos64_1.15.0.201708311556/tools/compiler/bin/../lib/gcc/arm-none-eabi/6.3.1/../../../../arm-none-eabi/lib/thumb/v7e-m/fpv4-sp/hard/crt0.o
LOAD DataLog/SW4STM32/startup_stm32l476xx.o
LOAD DataLog/User/cube_hal_l4.o
LOAD DataLog/User/datalog_application.o
LOAD DataLog/User/main.o
LOAD DataLog/User/stm32l4xx_hal_msp.o
LOAD DataLog/User/stm32l4xx_it.o
LOAD DataLog/User/syscalls.o
LOAD DataLog/User/usbd_cdc_interface.o
LOAD DataLog/User/usbd_conf.o
LOAD DataLog/User/usbd_desc.o
LOAD Drivers/BSP/Components/HTS221_Driver.o
LOAD Drivers/BSP/Components/HTS221_Driver_HL.o
LOAD Drivers/BSP/Components/LPS22HB_Driver.o
LOAD Drivers/BSP/Components/LPS22HB_Driver_HL.o
LOAD Drivers/BSP/Components/LSM303AGR_ACC_driver.o
LOAD Drivers/BSP/Components/LSM303AGR_ACC_driver_HL.o
LOAD Drivers/BSP/Components/LSM303AGR_MAG_driver.o
LOAD Drivers/BSP/Components/LSM303AGR_MAG_driver_HL.o
LOAD Drivers/BSP/Components/LSM6DSM_ACC_GYRO_driver.o
LOAD Drivers/BSP/Components/LSM6DSM_ACC_GYRO_driver_HL.o
LOAD Drivers/BSP/Components/STC3115_Driver.o
LOAD Drivers/BSP/SensorTile/SensorTile.o
LOAD Drivers/BSP/SensorTile/SensorTile_accelero.o
LOAD Drivers/BSP/SensorTile/SensorTile_gg.o
LOAD Drivers/BSP/SensorTile/SensorTile_gyro.o
LOAD Drivers/BSP/SensorTile/SensorTile_humidity.o
LOAD Drivers/BSP/SensorTile/SensorTile_magneto.o
LOAD Drivers/BSP/SensorTile/SensorTile_pressure.o
LOAD Drivers/BSP/SensorTile/SensorTile_sd.o
LOAD Drivers/BSP/SensorTile/SensorTile_temperature.o
LOAD Drivers/CMSIS/system_stm32l4xx.o
LOAD Drivers/STM32L4xx_HAL_Driver/stm32l4xx_hal.o
LOAD Drivers/STM32L4xx_HAL_Driver/stm32l4xx_hal_cortex.o
LOAD Drivers/STM32L4xx_HAL_Driver/stm32l4xx_hal_dma.o
LOAD Drivers/STM32L4xx_HAL_Driver/stm32l4xx_hal_gpio.o
LOAD Drivers/STM32L4xx_HAL_Driver/stm32l4xx_hal_i2c.o
LOAD Drivers/STM32L4xx_HAL_Driver/stm32l4xx_hal_i2c_ex.o
LOAD Drivers/STM32L4xx_HAL_Driver/stm32l4xx_hal_pcd.o
LOAD Drivers/STM32L4xx_HAL_Driver/stm32l4xx_hal_pcd_ex.o
LOAD Drivers/STM32L4xx_HAL_Driver/stm32l4xx_hal_pwr.o
LOAD Drivers/STM32L4xx_HAL_Driver/stm32l4xx_hal_pwr_ex.o
LOAD Drivers/STM32L4xx_HAL_Driver/stm32l4xx_hal_rcc.o
LOAD Drivers/STM32L4xx_HAL_Driver/stm32l4xx_hal_rcc_ex.o
LOAD Drivers/STM32L4xx_HAL_Driver/stm32l4xx_hal_rtc.o
LOAD Drivers/STM32L4xx_HAL_Driver/stm32l4xx_hal_rtc_ex.o
LOAD Drivers/STM32L4xx_HAL_Driver/stm32l4xx_hal_spi.o
LOAD Drivers/STM32L4xx_HAL_Driver/stm32l4xx_hal_spi_ex.o
LOAD Drivers/STM32L4xx_HAL_Driver/stm32l4xx_hal_tim.o
LOAD Drivers/STM32L4xx_HAL_Driver/stm32l4xx_hal_tim_ex.o
LOAD Drivers/STM32L4xx_HAL_Driver/stm32l4xx_ll_usb.o
LOAD Middlewares/FatFs/diskio.o
LOAD Middlewares/FatFs/ff.o
LOAD Middlewares/FatFs/ff_gen_drv.o
LOAD Middlewares/FatFs/sd_diskio.o
LOAD Middlewares/FatFs/syscall.o
LOAD Middlewares/FatFs/unicode.o
LOAD Middlewares/STM32_USBD_Library/Class/usbd_cdc.o
LOAD Middlewares/STM32_USBD_Library/Core/usbd_core.o
LOAD Middlewares/STM32_USBD_Library/Core/usbd_ctlreq.o
LOAD Middlewares/STM32_USBD_Library/Core/usbd_ioreq.o
LOAD /Applications/Ac6/SystemWorkbench.app/Contents/Eclipse/plugins/fr.ac6.mcu.externaltools.arm-none.macos64_1.15.0.201708311556/tools/compiler/bin/../lib/gcc/arm-none-eabi/6.3.1/../../../../arm-none-eabi/lib/thumb/v7e-m/fpv4-sp/hard/libm.a
START GROUP
LOAD /Applications/Ac6/SystemWorkbench.app/Contents/Eclipse/plugins/fr.ac6.mcu.externaltools.arm-none.macos64_1.15.0.201708311556/tools/compiler/bin/../lib/gcc/arm-none-eabi/6.3.1/thumb/v7e-m/fpv4-sp/hard/libgcc.a
LOAD /Applications/Ac6/SystemWorkbench.app/Contents/Eclipse/plugins/fr.ac6.mcu.externaltools.arm-none.macos64_1.15.0.201708311556/tools/compiler/bin/../lib/gcc/arm-none-eabi/6.3.1/../../../../arm-none-eabi/lib/thumb/v7e-m/fpv4-sp/hard/libc_nano.a
END GROUP
START GROUP
LOAD /Applications/Ac6/SystemWorkbench.app/Contents/Eclipse/plugins/fr.ac6.mcu.externaltools.arm-none.macos64_1.15.0.201708311556/tools/compiler/bin/../lib/gcc/arm-none-eabi/6.3.1/thumb/v7e-m/fpv4-sp/hard/libgcc.a
LOAD /Applications/Ac6/SystemWorkbench.app/Contents/Eclipse/plugins/fr.ac6.mcu.externaltools.arm-none.macos64_1.15.0.201708311556/tools/compiler/bin/../lib/gcc/arm-none-eabi/6.3.1/../../../../arm-none-eabi/lib/thumb/v7e-m/fpv4-sp/hard/libc_nano.a
END GROUP
LOAD /Applications/Ac6/SystemWorkbench.app/Contents/Eclipse/plugins/fr.ac6.mcu.externaltools.arm-none.macos64_1.15.0.201708311556/tools/compiler/bin/../lib/gcc/arm-none-eabi/6.3.1/thumb/v7e-m/fpv4-sp/hard/crtend.o
LOAD /Applications/Ac6/SystemWorkbench.app/Contents/Eclipse/plugins/fr.ac6.mcu.externaltools.arm-none.macos64_1.15.0.201708311556/tools/compiler/bin/../lib/gcc/arm-none-eabi/6.3.1/thumb/v7e-m/fpv4-sp/hard/crtn.o
                0x0000000020017fff                _estack = 0x20017fff
                0x0000000000002000                _Min_Heap_Size = 0x2000
                0x0000000000002000                _Min_Stack_Size = 0x2000

.isr_vector     0x0000000008004000      0x188
                0x0000000008004000                . = ALIGN (0x8)
 *(.isr_vector)
 .isr_vector    0x0000000008004000      0x188 DataLog/SW4STM32/startup_stm32l476xx.o
                0x0000000008004000                g_pfnVectors
                0x0000000008004188                . = ALIGN (0x8)

.text           0x0000000008004190    0x1b858
                0x0000000008004190                . = ALIGN (0x8)
 *(.text)
 .text          0x0000000008004190       0x6c /Applications/Ac6/SystemWorkbench.app/Contents/Eclipse/plugins/fr.ac6.mcu.externaltools.arm-none.macos64_1.15.0.201708311556/tools/compiler/bin/../lib/gcc/arm-none-eabi/6.3.1/thumb/v7e-m/fpv4-sp/hard/crtbegin.o
 .text          0x00000000080041fc      0x370 /Applications/Ac6/SystemWorkbench.app/Contents/Eclipse/plugins/fr.ac6.mcu.externaltools.arm-none.macos64_1.15.0.201708311556/tools/compiler/bin/../lib/gcc/arm-none-eabi/6.3.1/thumb/v7e-m/fpv4-sp/hard/libgcc.a(_arm_addsubdf3.o)
                0x00000000080041fc                __aeabi_drsub
                0x0000000008004204                __subdf3
                0x0000000008004204                __aeabi_dsub
                0x0000000008004208                __aeabi_dadd
                0x0000000008004208                __adddf3
                0x0000000008004480                __aeabi_ui2d
                0x0000000008004480                __floatunsidf
                0x00000000080044a0                __floatsidf
                0x00000000080044a0                __aeabi_i2d
                0x00000000080044c4                __extendsfdf2
                0x00000000080044c4                __aeabi_f2d
                0x0000000008004500                __aeabi_ul2d
                0x0000000008004500                __floatundidf
                0x0000000008004510                __aeabi_l2d
                0x0000000008004510                __floatdidf
 .text          0x000000000800456c      0x424 /Applications/Ac6/SystemWorkbench.app/Contents/Eclipse/plugins/fr.ac6.mcu.externaltools.arm-none.macos64_1.15.0.201708311556/tools/compiler/bin/../lib/gcc/arm-none-eabi/6.3.1/thumb/v7e-m/fpv4-sp/hard/libgcc.a(_arm_muldivdf3.o)
                0x000000000800456c                __aeabi_dmul
                0x000000000800456c                __muldf3
                0x00000000080047c0                __aeabi_ddiv
                0x00000000080047c0                __divdf3
 .text          0x0000000008004990      0x110 /Applications/Ac6/SystemWorkbench.app/Contents/Eclipse/plugins/fr.ac6.mcu.externaltools.arm-none.macos64_1.15.0.201708311556/tools/compiler/bin/../lib/gcc/arm-none-eabi/6.3.1/thumb/v7e-m/fpv4-sp/hard/libgcc.a(_arm_cmpdf2.o)
                0x0000000008004990                __gedf2
                0x0000000008004990                __gtdf2
                0x0000000008004998                __ledf2
                0x0000000008004998                __ltdf2
                0x00000000080049a0                __cmpdf2
                0x00000000080049a0                __eqdf2
                0x00000000080049a0                __nedf2
                0x0000000008004a1c                __aeabi_cdrcmple
                0x0000000008004a2c                __aeabi_cdcmple
                0x0000000008004a2c                __aeabi_cdcmpeq
                0x0000000008004a3c                __aeabi_dcmpeq
                0x0000000008004a50                __aeabi_dcmplt
                0x0000000008004a64                __aeabi_dcmple
                0x0000000008004a78                __aeabi_dcmpge
                0x0000000008004a8c                __aeabi_dcmpgt
 .text          0x0000000008004aa0       0x2c /Applications/Ac6/SystemWorkbench.app/Contents/Eclipse/plugins/fr.ac6.mcu.externaltools.arm-none.macos64_1.15.0.201708311556/tools/compiler/bin/../lib/gcc/arm-none-eabi/6.3.1/thumb/v7e-m/fpv4-sp/hard/libgcc.a(_arm_unorddf2.o)
                0x0000000008004aa0                __aeabi_dcmpun
                0x0000000008004aa0                __unorddf2
 .text          0x0000000008004acc       0x50 /Applications/Ac6/SystemWorkbench.app/Contents/Eclipse/plugins/fr.ac6.mcu.externaltools.arm-none.macos64_1.15.0.201708311556/tools/compiler/bin/../lib/gcc/arm-none-eabi/6.3.1/thumb/v7e-m/fpv4-sp/hard/libgcc.a(_arm_fixdfsi.o)
                0x0000000008004acc                __fixdfsi
                0x0000000008004acc                __aeabi_d2iz
 .text          0x0000000008004b1c       0xa0 /Applications/Ac6/SystemWorkbench.app/Contents/Eclipse/plugins/fr.ac6.mcu.externaltools.arm-none.macos64_1.15.0.201708311556/tools/compiler/bin/../lib/gcc/arm-none-eabi/6.3.1/thumb/v7e-m/fpv4-sp/hard/libgcc.a(_aeabi_ldivmod.o)
                0x0000000008004b1c                __aeabi_ldivmod
 .text          0x0000000008004bbc      0x2dc /Applications/Ac6/SystemWorkbench.app/Contents/Eclipse/plugins/fr.ac6.mcu.externaltools.arm-none.macos64_1.15.0.201708311556/tools/compiler/bin/../lib/gcc/arm-none-eabi/6.3.1/thumb/v7e-m/fpv4-sp/hard/libgcc.a(_udivmoddi4.o)
                0x0000000008004bbc                __udivmoddi4
 .text          0x0000000008004e98        0x4 /Applications/Ac6/SystemWorkbench.app/Contents/Eclipse/plugins/fr.ac6.mcu.externaltools.arm-none.macos64_1.15.0.201708311556/tools/compiler/bin/../lib/gcc/arm-none-eabi/6.3.1/thumb/v7e-m/fpv4-sp/hard/libgcc.a(_dvmd_tls.o)
                0x0000000008004e98                __aeabi_ldiv0
                0x0000000008004e98                __aeabi_idiv0
 .text          0x0000000008004e9c       0x10 /Applications/Ac6/SystemWorkbench.app/Contents/Eclipse/plugins/fr.ac6.mcu.externaltools.arm-none.macos64_1.15.0.201708311556/tools/compiler/bin/../lib/gcc/arm-none-eabi/6.3.1/../../../../arm-none-eabi/lib/thumb/v7e-m/fpv4-sp/hard/libc_nano.a(lib_a-strlen.o)
                0x0000000008004e9c                strlen
 *fill*         0x0000000008004eac        0x4 
 .text          0x0000000008004eb0       0xa0 /Applications/Ac6/SystemWorkbench.app/Contents/Eclipse/plugins/fr.ac6.mcu.externaltools.arm-none.macos64_1.15.0.201708311556/tools/compiler/bin/../lib/gcc/arm-none-eabi/6.3.1/../../../../arm-none-eabi/lib/thumb/v7e-m/fpv4-sp/hard/libc_nano.a(lib_a-memchr.o)
                0x0000000008004eb0                memchr
 *(.text*)
 .text.Reset_Handler
                0x0000000008004f50       0x50 DataLog/SW4STM32/startup_stm32l476xx.o
                0x0000000008004f50                Reset_Handler
 .text.Default_Handler
                0x0000000008004fa0        0x2 DataLog/SW4STM32/startup_stm32l476xx.o
                0x0000000008004fa0                TIM1_BRK_TIM15_IRQHandler
                0x0000000008004fa0                TIM8_TRG_COM_IRQHandler
                0x0000000008004fa0                TIM8_CC_IRQHandler
                0x0000000008004fa0                TIM1_CC_IRQHandler
                0x0000000008004fa0                TSC_IRQHandler
                0x0000000008004fa0                TAMP_STAMP_IRQHandler
                0x0000000008004fa0                PendSV_Handler
                0x0000000008004fa0                EXTI3_IRQHandler
                0x0000000008004fa0                LPTIM2_IRQHandler
                0x0000000008004fa0                DFSDM1_FLT1_IRQHandler
                0x0000000008004fa0                I2C3_ER_IRQHandler
                0x0000000008004fa0                DFSDM1_FLT2_IRQHandler
                0x0000000008004fa0                EXTI0_IRQHandler
                0x0000000008004fa0                I2C2_EV_IRQHandler
                0x0000000008004fa0                CAN1_RX0_IRQHandler
                0x0000000008004fa0                FPU_IRQHandler
                0x0000000008004fa0                TIM1_UP_TIM16_IRQHandler
                0x0000000008004fa0                UsageFault_Handler
                0x0000000008004fa0                ADC1_2_IRQHandler
                0x0000000008004fa0                SPI1_IRQHandler
                0x0000000008004fa0                TIM6_DAC_IRQHandler
                0x0000000008004fa0                TIM8_UP_IRQHandler
                0x0000000008004fa0                DMA2_Channel2_IRQHandler
                0x0000000008004fa0                DMA1_Channel4_IRQHandler
                0x0000000008004fa0                SAI2_IRQHandler
                0x0000000008004fa0                DFSDM1_FLT3_IRQHandler
                0x0000000008004fa0                USART3_IRQHandler
                0x0000000008004fa0                DMA1_Channel7_IRQHandler
                0x0000000008004fa0                CAN1_RX1_IRQHandler
                0x0000000008004fa0                LCD_IRQHandler
                0x0000000008004fa0                UART5_IRQHandler
                0x0000000008004fa0                ADC3_IRQHandler
                0x0000000008004fa0                TIM4_IRQHandler
                0x0000000008004fa0                DMA2_Channel1_IRQHandler
                0x0000000008004fa0                QUADSPI_IRQHandler
                0x0000000008004fa0                I2C1_EV_IRQHandler
                0x0000000008004fa0                DMA1_Channel6_IRQHandler
                0x0000000008004fa0                UART4_IRQHandler
                0x0000000008004fa0                DMA2_Channel4_IRQHandler
                0x0000000008004fa0                RCC_IRQHandler
                0x0000000008004fa0                DMA1_Channel1_IRQHandler
                0x0000000008004fa0                Default_Handler
                0x0000000008004fa0                DMA2_Channel7_IRQHandler
                0x0000000008004fa0                EXTI15_10_IRQHandler
                0x0000000008004fa0                TIM7_IRQHandler
                0x0000000008004fa0                SDMMC1_IRQHandler
                0x0000000008004fa0                TIM5_IRQHandler
                0x0000000008004fa0                I2C3_EV_IRQHandler
                0x0000000008004fa0                EXTI9_5_IRQHandler
                0x0000000008004fa0                RTC_WKUP_IRQHandler
                0x0000000008004fa0                PVD_PVM_IRQHandler
                0x0000000008004fa0                SPI2_IRQHandler
                0x0000000008004fa0                MemManage_Handler
                0x0000000008004fa0                CAN1_TX_IRQHandler
                0x0000000008004fa0                SVC_Handler
                0x0000000008004fa0                DMA2_Channel5_IRQHandler
                0x0000000008004fa0                DMA1_Channel5_IRQHandler
                0x0000000008004fa0                EXTI4_IRQHandler
                0x0000000008004fa0                RNG_IRQHandler
                0x0000000008004fa0                TIM1_TRG_COM_TIM17_IRQHandler
                0x0000000008004fa0                DMA1_Channel3_IRQHandler
                0x0000000008004fa0                COMP_IRQHandler
                0x0000000008004fa0                WWDG_IRQHandler
                0x0000000008004fa0                LPUART1_IRQHandler
                0x0000000008004fa0                DMA2_Channel6_IRQHandler
                0x0000000008004fa0                TIM2_IRQHandler
                0x0000000008004fa0                EXTI1_IRQHandler
                0x0000000008004fa0                USART2_IRQHandler
                0x0000000008004fa0                DFSDM1_FLT0_IRQHandler
                0x0000000008004fa0                I2C2_ER_IRQHandler
                0x0000000008004fa0                DMA1_Channel2_IRQHandler
                0x0000000008004fa0                TIM8_BRK_IRQHandler
                0x0000000008004fa0                CAN1_SCE_IRQHandler
                0x0000000008004fa0                FLASH_IRQHandler
                0x0000000008004fa0                BusFault_Handler
                0x0000000008004fa0                USART1_IRQHandler
                0x0000000008004fa0                SPI3_IRQHandler
                0x0000000008004fa0                I2C1_ER_IRQHandler
                0x0000000008004fa0                FMC_IRQHandler
                0x0000000008004fa0                SWPMI1_IRQHandler
                0x0000000008004fa0                LPTIM1_IRQHandler
                0x0000000008004fa0                SAI1_IRQHandler
                0x0000000008004fa0                DMA2_Channel3_IRQHandler
                0x0000000008004fa0                RTC_Alarm_IRQHandler
 *fill*         0x0000000008004fa2        0x2 
 .text.SystemClock_Config
                0x0000000008004fa4      0x144 DataLog/User/cube_hal_l4.o
                0x0000000008004fa4                SystemClock_Config
 .text.Error_Handler
                0x00000000080050e8        0x6 DataLog/User/cube_hal_l4.o
 *fill*         0x00000000080050ee        0x2 
 .text.DATALOG_SD_Init
                0x00000000080050f0       0x54 DataLog/User/datalog_application.o
                0x00000000080050f0                DATALOG_SD_Init
 .text.DATALOG_SD_Log_Enable
                0x0000000008005144       0xa0 DataLog/User/datalog_application.o
                0x0000000008005144                DATALOG_SD_Log_Enable
 .text.DATALOG_SD_Log_Disable
                0x00000000080051e4       0x18 DataLog/User/datalog_application.o
                0x00000000080051e4                DATALOG_SD_Log_Disable
 .text.DATALOG_SD_NewLine
                0x00000000080051fc       0x24 DataLog/User/datalog_application.o
                0x00000000080051fc                DATALOG_SD_NewLine
 .text.RTC_Handler
                0x0000000008005220       0xb4 DataLog/User/datalog_application.o
                0x0000000008005220                RTC_Handler
 .text.Gyro_Sensor_Handler
                0x00000000080052d4      0x1fc DataLog/User/datalog_application.o
                0x00000000080052d4                Gyro_Sensor_Handler
 .text.floatToInt
                0x00000000080054d0       0xc8 DataLog/User/datalog_application.o
                0x00000000080054d0                floatToInt
 .text.main     0x0000000008005598      0x17c DataLog/User/main.o
                0x0000000008005598                main
 .text.initializeAllSensors
                0x0000000008005714       0xf4 DataLog/User/main.o
 .text.enableAllSensors
                0x0000000008005808       0x88 DataLog/User/main.o
                0x0000000008005808                enableAllSensors
 .text.RTC_Config
                0x0000000008005890       0x4c DataLog/User/main.o
 .text.RTC_TimeStampConfig
                0x00000000080058dc       0x68 DataLog/User/main.o
 .text.HAL_GPIO_EXTI_Callback
                0x0000000008005944       0x20 DataLog/User/main.o
                0x0000000008005944                HAL_GPIO_EXTI_Callback
 .text.Error_Handler
                0x0000000008005964        0x6 DataLog/User/main.o
 *fill*         0x000000000800596a        0x2 
 .text.HAL_RTC_MspInit
                0x000000000800596c       0x34 DataLog/User/stm32l4xx_hal_msp.o
                0x000000000800596c                HAL_RTC_MspInit
 .text.NMI_Handler
                0x00000000080059a0        0xe DataLog/User/stm32l4xx_it.o
                0x00000000080059a0                NMI_Handler
 .text.HardFault_Handler
                0x00000000080059ae        0x6 DataLog/User/stm32l4xx_it.o
                0x00000000080059ae                HardFault_Handler
 .text.DebugMon_Handler
                0x00000000080059b4        0xe DataLog/User/stm32l4xx_it.o
                0x00000000080059b4                DebugMon_Handler
 .text.SysTick_Handler
                0x00000000080059c2        0xc DataLog/User/stm32l4xx_it.o
                0x00000000080059c2                SysTick_Handler
 *fill*         0x00000000080059ce        0x2 
 .text.OTG_FS_IRQHandler
                0x00000000080059d0       0x14 DataLog/User/stm32l4xx_it.o
                0x00000000080059d0                OTG_FS_IRQHandler
 .text.TIM3_IRQHandler
                0x00000000080059e4       0x14 DataLog/User/stm32l4xx_it.o
                0x00000000080059e4                TIM3_IRQHandler
 .text.EXTI2_IRQHandler
                0x00000000080059f8        0xe DataLog/User/stm32l4xx_it.o
                0x00000000080059f8                EXTI2_IRQHandler
 *fill*         0x0000000008005a06        0x2 
 .text._sbrk    0x0000000008005a08       0x58 DataLog/User/syscalls.o
                0x0000000008005a08                _sbrk
 .text._write   0x0000000008005a60       0x38 DataLog/User/syscalls.o
                0x0000000008005a60                _write
 .text._close   0x0000000008005a98       0x18 DataLog/User/syscalls.o
                0x0000000008005a98                _close
 .text._fstat   0x0000000008005ab0       0x20 DataLog/User/syscalls.o
                0x0000000008005ab0                _fstat
 .text._isatty  0x0000000008005ad0       0x16 DataLog/User/syscalls.o
                0x0000000008005ad0                _isatty
 .text._lseek   0x0000000008005ae6       0x1a DataLog/User/syscalls.o
                0x0000000008005ae6                _lseek
 .text._read    0x0000000008005b00       0x22 DataLog/User/syscalls.o
                0x0000000008005b00                _read
 *fill*         0x0000000008005b22        0x2 
 .text.CDC_Itf_Init
                0x0000000008005b24       0x74 DataLog/User/usbd_cdc_interface.o
 .text.CDC_Itf_DeInit
                0x0000000008005b98       0x10 DataLog/User/usbd_cdc_interface.o
 .text.CDC_Itf_Control
                0x0000000008005ba8      0x15c DataLog/User/usbd_cdc_interface.o
 .text.CDC_Fill_Buffer
                0x0000000008005d04       0x54 DataLog/User/usbd_cdc_interface.o
                0x0000000008005d04                CDC_Fill_Buffer
 .text.HAL_TIM_PeriodElapsedCallback
                0x0000000008005d58       0x90 DataLog/User/usbd_cdc_interface.o
                0x0000000008005d58                HAL_TIM_PeriodElapsedCallback
 .text.CDC_Itf_Receive
                0x0000000008005de8       0x18 DataLog/User/usbd_cdc_interface.o
 .text.TIM_Config
                0x0000000008005e00       0x40 DataLog/User/usbd_cdc_interface.o
 .text.Error_Handler
                0x0000000008005e40        0xe DataLog/User/usbd_cdc_interface.o
 *fill*         0x0000000008005e4e        0x2 
 .text.HAL_PCD_MspInit
                0x0000000008005e50       0x78 DataLog/User/usbd_conf.o
                0x0000000008005e50                HAL_PCD_MspInit
 .text.HAL_PCD_SetupStageCallback
                0x0000000008005ec8       0x24 DataLog/User/usbd_conf.o
                0x0000000008005ec8                HAL_PCD_SetupStageCallback
 .text.HAL_PCD_DataOutStageCallback
                0x0000000008005eec       0x36 DataLog/User/usbd_conf.o
                0x0000000008005eec                HAL_PCD_DataOutStageCallback
 .text.HAL_PCD_DataInStageCallback
                0x0000000008005f22       0x34 DataLog/User/usbd_conf.o
                0x0000000008005f22                HAL_PCD_DataInStageCallback
 .text.HAL_PCD_SOFCallback
                0x0000000008005f56       0x1c DataLog/User/usbd_conf.o
                0x0000000008005f56                HAL_PCD_SOFCallback
 .text.HAL_PCD_ResetCallback
                0x0000000008005f72       0x2a DataLog/User/usbd_conf.o
                0x0000000008005f72                HAL_PCD_ResetCallback
 .text.HAL_PCD_SuspendCallback
                0x0000000008005f9c       0x1c DataLog/User/usbd_conf.o
                0x0000000008005f9c                HAL_PCD_SuspendCallback
 .text.HAL_PCD_ResumeCallback
                0x0000000008005fb8       0x1c DataLog/User/usbd_conf.o
                0x0000000008005fb8                HAL_PCD_ResumeCallback
 .text.HAL_PCD_ISOOUTIncompleteCallback
                0x0000000008005fd4       0x24 DataLog/User/usbd_conf.o
                0x0000000008005fd4                HAL_PCD_ISOOUTIncompleteCallback
 .text.HAL_PCD_ISOINIncompleteCallback
                0x0000000008005ff8       0x24 DataLog/User/usbd_conf.o
                0x0000000008005ff8                HAL_PCD_ISOINIncompleteCallback
 .text.HAL_PCD_ConnectCallback
                0x000000000800601c       0x1c DataLog/User/usbd_conf.o
                0x000000000800601c                HAL_PCD_ConnectCallback
 .text.HAL_PCD_DisconnectCallback
                0x0000000008006038       0x1c DataLog/User/usbd_conf.o
                0x0000000008006038                HAL_PCD_DisconnectCallback
 .text.USBD_LL_Init
                0x0000000008006054       0x94 DataLog/User/usbd_conf.o
                0x0000000008006054                USBD_LL_Init
 .text.USBD_LL_Start
                0x00000000080060e8       0x1e DataLog/User/usbd_conf.o
                0x00000000080060e8                USBD_LL_Start
 .text.USBD_LL_OpenEP
                0x0000000008006106       0x34 DataLog/User/usbd_conf.o
                0x0000000008006106                USBD_LL_OpenEP
 .text.USBD_LL_CloseEP
                0x000000000800613a       0x26 DataLog/User/usbd_conf.o
                0x000000000800613a                USBD_LL_CloseEP
 .text.USBD_LL_StallEP
                0x0000000008006160       0x26 DataLog/User/usbd_conf.o
                0x0000000008006160                USBD_LL_StallEP
 .text.USBD_LL_ClearStallEP
                0x0000000008006186       0x26 DataLog/User/usbd_conf.o
                0x0000000008006186                USBD_LL_ClearStallEP
 .text.USBD_LL_IsStallEP
                0x00000000080061ac       0x58 DataLog/User/usbd_conf.o
                0x00000000080061ac                USBD_LL_IsStallEP
 .text.USBD_LL_SetUSBAddress
                0x0000000008006204       0x26 DataLog/User/usbd_conf.o
                0x0000000008006204                USBD_LL_SetUSBAddress
 .text.USBD_LL_Transmit
                0x000000000800622a       0x2e DataLog/User/usbd_conf.o
                0x000000000800622a                USBD_LL_Transmit
 .text.USBD_LL_PrepareReceive
                0x0000000008006258       0x2e DataLog/User/usbd_conf.o
                0x0000000008006258                USBD_LL_PrepareReceive
 .text.USBD_LL_GetRxDataSize
                0x0000000008006286       0x26 DataLog/User/usbd_conf.o
                0x0000000008006286                USBD_LL_GetRxDataSize
 .text.USBD_VCP_DeviceDescriptor
                0x00000000080062ac       0x24 DataLog/User/usbd_desc.o
                0x00000000080062ac                USBD_VCP_DeviceDescriptor
 .text.USBD_VCP_LangIDStrDescriptor
                0x00000000080062d0       0x24 DataLog/User/usbd_desc.o
                0x00000000080062d0                USBD_VCP_LangIDStrDescriptor
 .text.USBD_VCP_ProductStrDescriptor
                0x00000000080062f4       0x28 DataLog/User/usbd_desc.o
                0x00000000080062f4                USBD_VCP_ProductStrDescriptor
 .text.USBD_VCP_ManufacturerStrDescriptor
                0x000000000800631c       0x28 DataLog/User/usbd_desc.o
                0x000000000800631c                USBD_VCP_ManufacturerStrDescriptor
 .text.USBD_VCP_SerialStrDescriptor
                0x0000000008006344       0x24 DataLog/User/usbd_desc.o
                0x0000000008006344                USBD_VCP_SerialStrDescriptor
 .text.USBD_VCP_ConfigStrDescriptor
                0x0000000008006368       0x28 DataLog/User/usbd_desc.o
                0x0000000008006368                USBD_VCP_ConfigStrDescriptor
 .text.USBD_VCP_InterfaceStrDescriptor
                0x0000000008006390       0x28 DataLog/User/usbd_desc.o
                0x0000000008006390                USBD_VCP_InterfaceStrDescriptor
 .text.Get_SerialNum
                0x00000000080063b8       0x58 DataLog/User/usbd_desc.o
 .text.IntToUnicode
                0x0000000008006410       0x7c DataLog/User/usbd_desc.o
 .text.HTS221_ReadReg
                0x000000000800648c       0x32 Drivers/BSP/Components/HTS221_Driver.o
                0x000000000800648c                HTS221_ReadReg
 .text.HTS221_WriteReg
                0x00000000080064be       0x32 Drivers/BSP/Components/HTS221_Driver.o
                0x00000000080064be                HTS221_WriteReg
 .text.HTS221_Get_DeviceID
                0x00000000080064f0       0x2a Drivers/BSP/Components/HTS221_Driver.o
                0x00000000080064f0                HTS221_Get_DeviceID
 *fill*         0x000000000800651a        0x2 
 .text.HTS221_Get_Humidity
                0x000000000800651c      0x154 Drivers/BSP/Components/HTS221_Driver.o
                0x000000000800651c                HTS221_Get_Humidity
 .text.HTS221_Get_Temperature
                0x0000000008006670      0x14c Drivers/BSP/Components/HTS221_Driver.o
                0x0000000008006670                HTS221_Get_Temperature
 .text.HTS221_Get_DataStatus
                0x00000000080067bc       0x48 Drivers/BSP/Components/HTS221_Driver.o
                0x00000000080067bc                HTS221_Get_DataStatus
 .text.HTS221_Activate
                0x0000000008006804       0x4c Drivers/BSP/Components/HTS221_Driver.o
                0x0000000008006804                HTS221_Activate
 .text.HTS221_DeActivate
                0x0000000008006850       0x4c Drivers/BSP/Components/HTS221_Driver.o
                0x0000000008006850                HTS221_DeActivate
 .text.HTS221_Set_BduMode
                0x000000000800689c       0x7c Drivers/BSP/Components/HTS221_Driver.o
                0x000000000800689c                HTS221_Set_BduMode
 .text.HTS221_Set_Odr
                0x0000000008006918       0x80 Drivers/BSP/Components/HTS221_Driver.o
                0x0000000008006918                HTS221_Set_Odr
 .text.HTS221_Get_Odr
                0x0000000008006998       0x3c Drivers/BSP/Components/HTS221_Driver.o
                0x0000000008006998                HTS221_Get_Odr
 .text.HTS221_assert_failed
                0x00000000080069d4       0x1c Drivers/BSP/Components/HTS221_Driver.o
                0x00000000080069d4                HTS221_assert_failed
 .text.HTS221_H_Init
                0x00000000080069f0       0x42 Drivers/BSP/Components/HTS221_Driver_HL.o
 .text.HTS221_H_DeInit
                0x0000000008006a32       0x42 Drivers/BSP/Components/HTS221_Driver_HL.o
 .text.HTS221_H_Sensor_Enable
                0x0000000008006a74       0x4e Drivers/BSP/Components/HTS221_Driver_HL.o
 .text.HTS221_H_Sensor_Disable
                0x0000000008006ac2       0x4e Drivers/BSP/Components/HTS221_Driver_HL.o
 .text.HTS221_H_Get_WhoAmI
                0x0000000008006b10       0x1c Drivers/BSP/Components/HTS221_Driver_HL.o
 .text.HTS221_H_Check_WhoAmI
                0x0000000008006b2c       0x18 Drivers/BSP/Components/HTS221_Driver_HL.o
 .text.HTS221_H_Get_Hum
                0x0000000008006b44       0x1c Drivers/BSP/Components/HTS221_Driver_HL.o
 .text.HTS221_H_Get_ODR
                0x0000000008006b60       0x1c Drivers/BSP/Components/HTS221_Driver_HL.o
 .text.HTS221_H_Set_ODR
                0x0000000008006b7c       0x20 Drivers/BSP/Components/HTS221_Driver_HL.o
 .text.HTS221_H_Set_ODR_Value
                0x0000000008006b9c       0x20 Drivers/BSP/Components/HTS221_Driver_HL.o
 .text.HTS221_H_Read_Reg
                0x0000000008006bbc       0x2e Drivers/BSP/Components/HTS221_Driver_HL.o
 .text.HTS221_H_Write_Reg
                0x0000000008006bea       0x30 Drivers/BSP/Components/HTS221_Driver_HL.o
 .text.HTS221_H_Get_DRDY_Status
                0x0000000008006c1a       0x4c Drivers/BSP/Components/HTS221_Driver_HL.o
 .text.HTS221_T_Init
                0x0000000008006c66       0x42 Drivers/BSP/Components/HTS221_Driver_HL.o
 .text.HTS221_T_DeInit
                0x0000000008006ca8       0x42 Drivers/BSP/Components/HTS221_Driver_HL.o
 .text.HTS221_T_Sensor_Enable
                0x0000000008006cea       0x4e Drivers/BSP/Components/HTS221_Driver_HL.o
 .text.HTS221_T_Sensor_Disable
                0x0000000008006d38       0x4e Drivers/BSP/Components/HTS221_Driver_HL.o
 .text.HTS221_T_Get_WhoAmI
                0x0000000008006d86       0x1c Drivers/BSP/Components/HTS221_Driver_HL.o
 .text.HTS221_T_Check_WhoAmI
                0x0000000008006da2       0x18 Drivers/BSP/Components/HTS221_Driver_HL.o
 .text.HTS221_T_Get_Temp
                0x0000000008006dba       0x1c Drivers/BSP/Components/HTS221_Driver_HL.o
 .text.HTS221_T_Get_ODR
                0x0000000008006dd6       0x1c Drivers/BSP/Components/HTS221_Driver_HL.o
 .text.HTS221_T_Set_ODR
                0x0000000008006df2       0x20 Drivers/BSP/Components/HTS221_Driver_HL.o
 .text.HTS221_T_Set_ODR_Value
                0x0000000008006e12       0x20 Drivers/BSP/Components/HTS221_Driver_HL.o
 .text.HTS221_T_Read_Reg
                0x0000000008006e32       0x2e Drivers/BSP/Components/HTS221_Driver_HL.o
 .text.HTS221_T_Write_Reg
                0x0000000008006e60       0x30 Drivers/BSP/Components/HTS221_Driver_HL.o
 .text.HTS221_T_Get_DRDY_Status
                0x0000000008006e90       0x4c Drivers/BSP/Components/HTS221_Driver_HL.o
 .text.HTS221_Init
                0x0000000008006edc       0x56 Drivers/BSP/Components/HTS221_Driver_HL.o
 .text.HTS221_Sensor_Enable
                0x0000000008006f32       0x22 Drivers/BSP/Components/HTS221_Driver_HL.o
 .text.HTS221_Sensor_Disable
                0x0000000008006f54       0x22 Drivers/BSP/Components/HTS221_Driver_HL.o
 .text.HTS221_Get_WhoAmI
                0x0000000008006f76       0x26 Drivers/BSP/Components/HTS221_Driver_HL.o
 .text.HTS221_Check_WhoAmI
                0x0000000008006f9c       0x3a Drivers/BSP/Components/HTS221_Driver_HL.o
 .text.HTS221_Get_Hum
                0x0000000008006fd6       0x46 Drivers/BSP/Components/HTS221_Driver_HL.o
 .text.HTS221_Get_Temp
                0x000000000800701c       0x48 Drivers/BSP/Components/HTS221_Driver_HL.o
 .text.HTS221_Get_ODR
                0x0000000008007064       0x80 Drivers/BSP/Components/HTS221_Driver_HL.o
 .text.HTS221_Set_ODR
                0x00000000080070e4       0x6c Drivers/BSP/Components/HTS221_Driver_HL.o
 .text.HTS221_Set_ODR_Value
                0x0000000008007150       0x5a Drivers/BSP/Components/HTS221_Driver_HL.o
 .text.HTS221_Read_Reg
                0x00000000080071aa       0x2e Drivers/BSP/Components/HTS221_Driver_HL.o
 .text.HTS221_Write_Reg
                0x00000000080071d8       0x30 Drivers/BSP/Components/HTS221_Driver_HL.o
 .text.LPS22HB_ReadReg
                0x0000000008007208       0x32 Drivers/BSP/Components/LPS22HB_Driver.o
                0x0000000008007208                LPS22HB_ReadReg
 .text.LPS22HB_WriteReg
                0x000000000800723a       0x32 Drivers/BSP/Components/LPS22HB_Driver.o
                0x000000000800723a                LPS22HB_WriteReg
 .text.LPS22HB_Get_DeviceID
                0x000000000800726c       0x2a Drivers/BSP/Components/LPS22HB_Driver.o
                0x000000000800726c                LPS22HB_Get_DeviceID
 .text.LPS22HB_Set_PowerMode
                0x0000000008007296       0x5a Drivers/BSP/Components/LPS22HB_Driver.o
                0x0000000008007296                LPS22HB_Set_PowerMode
 .text.LPS22HB_Set_Odr
                0x00000000080072f0       0x5a Drivers/BSP/Components/LPS22HB_Driver.o
                0x00000000080072f0                LPS22HB_Set_Odr
 .text.LPS22HB_Get_Odr
                0x000000000800734a       0x38 Drivers/BSP/Components/LPS22HB_Driver.o
                0x000000000800734a                LPS22HB_Get_Odr
 .text.LPS22HB_Set_LowPassFilter
                0x0000000008007382       0x62 Drivers/BSP/Components/LPS22HB_Driver.o
                0x0000000008007382                LPS22HB_Set_LowPassFilter
 .text.LPS22HB_Set_LowPassFilterCutoff
                0x00000000080073e4       0x5a Drivers/BSP/Components/LPS22HB_Driver.o
                0x00000000080073e4                LPS22HB_Set_LowPassFilterCutoff
 .text.LPS22HB_Set_Bdu
                0x000000000800743e       0x5a Drivers/BSP/Components/LPS22HB_Driver.o
                0x000000000800743e                LPS22HB_Set_Bdu
 .text.LPS22HB_SwResetAndMemoryBoot
                0x0000000008007498       0x4c Drivers/BSP/Components/LPS22HB_Driver.o
                0x0000000008007498                LPS22HB_SwResetAndMemoryBoot
 .text.LPS22HB_Set_FifoModeUse
                0x00000000080074e4       0x62 Drivers/BSP/Components/LPS22HB_Driver.o
                0x00000000080074e4                LPS22HB_Set_FifoModeUse
 .text.LPS22HB_Set_FifoWatermarkLevelUse
                0x0000000008007546       0x62 Drivers/BSP/Components/LPS22HB_Driver.o
                0x0000000008007546                LPS22HB_Set_FifoWatermarkLevelUse
 .text.LPS22HB_Set_AutomaticIncrementRegAddress
                0x00000000080075a8       0x62 Drivers/BSP/Components/LPS22HB_Driver.o
                0x00000000080075a8                LPS22HB_Set_AutomaticIncrementRegAddress
 .text.LPS22HB_Set_I2C
                0x000000000800760a       0x66 Drivers/BSP/Components/LPS22HB_Driver.o
                0x000000000800760a                LPS22HB_Set_I2C
 .text.LPS22HB_Set_FIFO_OVR_Interrupt
                0x0000000008007670       0x62 Drivers/BSP/Components/LPS22HB_Driver.o
                0x0000000008007670                LPS22HB_Set_FIFO_OVR_Interrupt
 .text.LPS22HB_Set_FIFO_FTH_Interrupt
                0x00000000080076d2       0x62 Drivers/BSP/Components/LPS22HB_Driver.o
                0x00000000080076d2                LPS22HB_Set_FIFO_FTH_Interrupt
 .text.LPS22HB_Set_FIFO_FULL_Interrupt
                0x0000000008007734       0x62 Drivers/BSP/Components/LPS22HB_Driver.o
                0x0000000008007734                LPS22HB_Set_FIFO_FULL_Interrupt
 .text.LPS22HB_Get_DataStatus
                0x0000000008007796       0x64 Drivers/BSP/Components/LPS22HB_Driver.o
                0x0000000008007796                LPS22HB_Get_DataStatus
 .text.LPS22HB_Get_RawPressure
                0x00000000080077fa       0x76 Drivers/BSP/Components/LPS22HB_Driver.o
                0x00000000080077fa                LPS22HB_Get_RawPressure
 .text.LPS22HB_Get_Pressure
                0x0000000008007870       0x42 Drivers/BSP/Components/LPS22HB_Driver.o
                0x0000000008007870                LPS22HB_Get_Pressure
 .text.LPS22HB_Get_RawTemperature
                0x00000000080078b2       0x44 Drivers/BSP/Components/LPS22HB_Driver.o
                0x00000000080078b2                LPS22HB_Get_RawTemperature
 *fill*         0x00000000080078f6        0x2 
 .text.LPS22HB_Get_Temperature
                0x00000000080078f8       0x50 Drivers/BSP/Components/LPS22HB_Driver.o
                0x00000000080078f8                LPS22HB_Get_Temperature
 .text.LPS22HB_Set_FifoMode
                0x0000000008007948       0x5a Drivers/BSP/Components/LPS22HB_Driver.o
                0x0000000008007948                LPS22HB_Set_FifoMode
 .text.LPS22HB_Get_FifoMode
                0x00000000080079a2       0x3c Drivers/BSP/Components/LPS22HB_Driver.o
                0x00000000080079a2                LPS22HB_Get_FifoMode
 .text.LPS22HB_Set_FifoWatermarkLevel
                0x00000000080079de       0x5a Drivers/BSP/Components/LPS22HB_Driver.o
                0x00000000080079de                LPS22HB_Set_FifoWatermarkLevel
 .text.LPS22HB_Get_FifoWatermarkLevel
                0x0000000008007a38       0x38 Drivers/BSP/Components/LPS22HB_Driver.o
                0x0000000008007a38                LPS22HB_Get_FifoWatermarkLevel
 .text.LPS22HB_Get_FifoStatus
                0x0000000008007a70       0x7e Drivers/BSP/Components/LPS22HB_Driver.o
                0x0000000008007a70                LPS22HB_Get_FifoStatus
 .text.LPS22HB_P_Init
                0x0000000008007aee       0x42 Drivers/BSP/Components/LPS22HB_Driver_HL.o
 .text.LPS22HB_P_DeInit
                0x0000000008007b30       0x40 Drivers/BSP/Components/LPS22HB_Driver_HL.o
 .text.LPS22HB_P_Sensor_Enable
                0x0000000008007b70       0x50 Drivers/BSP/Components/LPS22HB_Driver_HL.o
 .text.LPS22HB_P_Sensor_Disable
                0x0000000008007bc0       0x4e Drivers/BSP/Components/LPS22HB_Driver_HL.o
 .text.LPS22HB_P_Get_WhoAmI
                0x0000000008007c0e       0x1c Drivers/BSP/Components/LPS22HB_Driver_HL.o
 .text.LPS22HB_P_Check_WhoAmI
                0x0000000008007c2a       0x18 Drivers/BSP/Components/LPS22HB_Driver_HL.o
 .text.LPS22HB_P_Get_Press
                0x0000000008007c42       0x1c Drivers/BSP/Components/LPS22HB_Driver_HL.o
 .text.LPS22HB_P_Get_ODR
                0x0000000008007c5e       0x1c Drivers/BSP/Components/LPS22HB_Driver_HL.o
 .text.LPS22HB_P_Set_ODR
                0x0000000008007c7a       0x54 Drivers/BSP/Components/LPS22HB_Driver_HL.o
 .text.LPS22HB_P_Set_ODR_Value
                0x0000000008007cce       0x54 Drivers/BSP/Components/LPS22HB_Driver_HL.o
 .text.LPS22HB_P_Read_Reg
                0x0000000008007d22       0x2e Drivers/BSP/Components/LPS22HB_Driver_HL.o
 .text.LPS22HB_P_Write_Reg
                0x0000000008007d50       0x30 Drivers/BSP/Components/LPS22HB_Driver_HL.o
 .text.LPS22HB_P_Get_DRDY_Status
                0x0000000008007d80       0x30 Drivers/BSP/Components/LPS22HB_Driver_HL.o
 .text.LPS22HB_T_Init
                0x0000000008007db0       0x42 Drivers/BSP/Components/LPS22HB_Driver_HL.o
 .text.LPS22HB_T_DeInit
                0x0000000008007df2       0x40 Drivers/BSP/Components/LPS22HB_Driver_HL.o
 .text.LPS22HB_T_Sensor_Enable
                0x0000000008007e32       0x50 Drivers/BSP/Components/LPS22HB_Driver_HL.o
 .text.LPS22HB_T_Sensor_Disable
                0x0000000008007e82       0x4e Drivers/BSP/Components/LPS22HB_Driver_HL.o
 .text.LPS22HB_T_Get_WhoAmI
                0x0000000008007ed0       0x1c Drivers/BSP/Components/LPS22HB_Driver_HL.o
 .text.LPS22HB_T_Check_WhoAmI
                0x0000000008007eec       0x18 Drivers/BSP/Components/LPS22HB_Driver_HL.o
 .text.LPS22HB_T_Get_Temp
                0x0000000008007f04       0x1c Drivers/BSP/Components/LPS22HB_Driver_HL.o
 .text.LPS22HB_T_Get_ODR
                0x0000000008007f20       0x1c Drivers/BSP/Components/LPS22HB_Driver_HL.o
 .text.LPS22HB_T_Set_ODR
                0x0000000008007f3c       0x54 Drivers/BSP/Components/LPS22HB_Driver_HL.o
 .text.LPS22HB_T_Set_ODR_Value
                0x0000000008007f90       0x54 Drivers/BSP/Components/LPS22HB_Driver_HL.o
 .text.LPS22HB_T_Read_Reg
                0x0000000008007fe4       0x2e Drivers/BSP/Components/LPS22HB_Driver_HL.o
 .text.LPS22HB_T_Write_Reg
                0x0000000008008012       0x30 Drivers/BSP/Components/LPS22HB_Driver_HL.o
 .text.LPS22HB_T_Get_DRDY_Status
                0x0000000008008042       0x30 Drivers/BSP/Components/LPS22HB_Driver_HL.o
 *fill*         0x0000000008008072        0x2 
 .text.LPS22HB_Initialize
                0x0000000008008074       0xbc Drivers/BSP/Components/LPS22HB_Driver_HL.o
 .text.LPS22HB_Get_WhoAmI
                0x0000000008008130       0x26 Drivers/BSP/Components/LPS22HB_Driver_HL.o
 .text.LPS22HB_Check_WhoAmI
                0x0000000008008156       0x3a Drivers/BSP/Components/LPS22HB_Driver_HL.o
 .text.LPS22HB_Get_Press
                0x0000000008008190       0x4c Drivers/BSP/Components/LPS22HB_Driver_HL.o
 .text.LPS22HB_Get_Temp
                0x00000000080081dc       0x48 Drivers/BSP/Components/LPS22HB_Driver_HL.o
 .text.LPS22HB_Get_ODR
                0x0000000008008224       0xa0 Drivers/BSP/Components/LPS22HB_Driver_HL.o
 .text.LPS22HB_Set_ODR_When_Enabled
                0x00000000080082c4       0x88 Drivers/BSP/Components/LPS22HB_Driver_HL.o
 .text.LPS22HB_Set_ODR_When_Disabled
                0x000000000800834c       0x7c Drivers/BSP/Components/LPS22HB_Driver_HL.o
 .text.LPS22HB_Set_ODR_Value_When_Enabled
                0x00000000080083c8       0xa4 Drivers/BSP/Components/LPS22HB_Driver_HL.o
 .text.LPS22HB_Set_ODR_Value_When_Disabled
                0x000000000800846c       0x90 Drivers/BSP/Components/LPS22HB_Driver_HL.o
 .text.LPS22HB_Read_Reg
                0x00000000080084fc       0x2e Drivers/BSP/Components/LPS22HB_Driver_HL.o
 .text.LPS22HB_Write_Reg
                0x000000000800852a       0x30 Drivers/BSP/Components/LPS22HB_Driver_HL.o
 .text.LPS22HB_FIFO_Get_Empty_Status
                0x000000000800855a       0x30 Drivers/BSP/Components/LPS22HB_Driver_HL.o
 .text.LPS22HB_FIFO_Get_Full_Status
                0x000000000800858a       0x30 Drivers/BSP/Components/LPS22HB_Driver_HL.o
 .text.LPS22HB_FIFO_Get_Ovr_Status
                0x00000000080085ba       0x30 Drivers/BSP/Components/LPS22HB_Driver_HL.o
 .text.LPS22HB_FIFO_Get_Fth_Status
                0x00000000080085ea       0x30 Drivers/BSP/Components/LPS22HB_Driver_HL.o
 .text.LPS22HB_FIFO_Stop_On_Fth
                0x000000000800861a       0x38 Drivers/BSP/Components/LPS22HB_Driver_HL.o
 .text.LPS22HB_FIFO_Usage
                0x0000000008008652       0x38 Drivers/BSP/Components/LPS22HB_Driver_HL.o
 .text.LPS22HB_FIFO_Get_Num_Of_Samples
                0x000000000800868a       0x30 Drivers/BSP/Components/LPS22HB_Driver_HL.o
 .text.LPS22HB_FIFO_Get_Data
                0x00000000080086ba       0x3a Drivers/BSP/Components/LPS22HB_Driver_HL.o
 .text.LPS22HB_FIFO_Get_Mode
                0x00000000080086f4       0x30 Drivers/BSP/Components/LPS22HB_Driver_HL.o
 .text.LPS22HB_FIFO_Set_Mode
                0x0000000008008724       0x50 Drivers/BSP/Components/LPS22HB_Driver_HL.o
 .text.LPS22HB_FIFO_Get_Watermark_Level
                0x0000000008008774       0x26 Drivers/BSP/Components/LPS22HB_Driver_HL.o
 .text.LPS22HB_FIFO_Set_Watermark_Level
                0x000000000800879a       0x2a Drivers/BSP/Components/LPS22HB_Driver_HL.o
 .text.LPS22HB_FIFO_Watermark_Usage
                0x00000000080087c4       0x38 Drivers/BSP/Components/LPS22HB_Driver_HL.o
 .text.LPS22HB_FIFO_Set_Interrupt
                0x00000000080087fc       0x68 Drivers/BSP/Components/LPS22HB_Driver_HL.o
 .text.LPS22HB_FIFO_Reset_Interrupt
                0x0000000008008864       0x68 Drivers/BSP/Components/LPS22HB_Driver_HL.o
 .text.LSM303AGR_ACC_WriteReg
                0x00000000080088cc       0x34 Drivers/BSP/Components/LSM303AGR_ACC_driver.o
                0x00000000080088cc                LSM303AGR_ACC_WriteReg
 .text.LSM303AGR_ACC_ReadReg
                0x0000000008008900       0x34 Drivers/BSP/Components/LSM303AGR_ACC_driver.o
                0x0000000008008900                LSM303AGR_ACC_ReadReg
 .text.LSM303AGR_ACC_R_WHO_AM_I
                0x0000000008008934       0x3a Drivers/BSP/Components/LSM303AGR_ACC_driver.o
                0x0000000008008934                LSM303AGR_ACC_R_WHO_AM_I
 .text.LSM303AGR_ACC_W_BlockDataUpdate
                0x000000000800896e       0x5a Drivers/BSP/Components/LSM303AGR_ACC_driver.o
                0x000000000800896e                LSM303AGR_ACC_W_BlockDataUpdate
 .text.LSM303AGR_ACC_W_FullScale
                0x00000000080089c8       0x5a Drivers/BSP/Components/LSM303AGR_ACC_driver.o
                0x00000000080089c8                LSM303AGR_ACC_W_FullScale
 .text.LSM303AGR_ACC_R_FullScale
                0x0000000008008a22       0x38 Drivers/BSP/Components/LSM303AGR_ACC_driver.o
                0x0000000008008a22                LSM303AGR_ACC_R_FullScale
 .text.LSM303AGR_ACC_Get_Raw_Acceleration
                0x0000000008008a5a       0x2a Drivers/BSP/Components/LSM303AGR_ACC_driver.o
                0x0000000008008a5a                LSM303AGR_ACC_Get_Raw_Acceleration
 .text.LSM303AGR_ACC_Get_Acceleration
                0x0000000008008a84      0x1cc Drivers/BSP/Components/LSM303AGR_ACC_driver.o
                0x0000000008008a84                LSM303AGR_ACC_Get_Acceleration
 .text.LSM303AGR_ACC_W_ODR
                0x0000000008008c50       0x5a Drivers/BSP/Components/LSM303AGR_ACC_driver.o
                0x0000000008008c50                LSM303AGR_ACC_W_ODR
 .text.LSM303AGR_ACC_R_ODR
                0x0000000008008caa       0x38 Drivers/BSP/Components/LSM303AGR_ACC_driver.o
                0x0000000008008caa                LSM303AGR_ACC_R_ODR
 .text.LSM303AGR_ACC_W_XEN
                0x0000000008008ce2       0x5a Drivers/BSP/Components/LSM303AGR_ACC_driver.o
                0x0000000008008ce2                LSM303AGR_ACC_W_XEN
 .text.LSM303AGR_ACC_R_XEN
                0x0000000008008d3c       0x38 Drivers/BSP/Components/LSM303AGR_ACC_driver.o
                0x0000000008008d3c                LSM303AGR_ACC_R_XEN
 .text.LSM303AGR_ACC_W_YEN
                0x0000000008008d74       0x5a Drivers/BSP/Components/LSM303AGR_ACC_driver.o
                0x0000000008008d74                LSM303AGR_ACC_W_YEN
 .text.LSM303AGR_ACC_R_YEN
                0x0000000008008dce       0x38 Drivers/BSP/Components/LSM303AGR_ACC_driver.o
                0x0000000008008dce                LSM303AGR_ACC_R_YEN
 .text.LSM303AGR_ACC_W_ZEN
                0x0000000008008e06       0x5a Drivers/BSP/Components/LSM303AGR_ACC_driver.o
                0x0000000008008e06                LSM303AGR_ACC_W_ZEN
 .text.LSM303AGR_ACC_R_ZEN
                0x0000000008008e60       0x38 Drivers/BSP/Components/LSM303AGR_ACC_driver.o
                0x0000000008008e60                LSM303AGR_ACC_R_ZEN
 .text.LSM303AGR_ACC_R_LOWPWR_EN
                0x0000000008008e98       0x38 Drivers/BSP/Components/LSM303AGR_ACC_driver.o
                0x0000000008008e98                LSM303AGR_ACC_R_LOWPWR_EN
 .text.LSM303AGR_ACC_R_HiRes
                0x0000000008008ed0       0x38 Drivers/BSP/Components/LSM303AGR_ACC_driver.o
                0x0000000008008ed0                LSM303AGR_ACC_R_HiRes
 .text.LSM303AGR_ACC_R_XDataAvail
                0x0000000008008f08       0x38 Drivers/BSP/Components/LSM303AGR_ACC_driver.o
                0x0000000008008f08                LSM303AGR_ACC_R_XDataAvail
 .text.LSM303AGR_ACC_W_FifoMode
                0x0000000008008f40       0x5a Drivers/BSP/Components/LSM303AGR_ACC_driver.o
                0x0000000008008f40                LSM303AGR_ACC_W_FifoMode
 *fill*         0x0000000008008f9a        0x2 
 .text.LSM303AGR_X_Init
                0x0000000008008f9c       0xc0 Drivers/BSP/Components/LSM303AGR_ACC_driver_HL.o
 .text.LSM303AGR_X_DeInit
                0x000000000800905c       0x58 Drivers/BSP/Components/LSM303AGR_ACC_driver_HL.o
 .text.LSM303AGR_X_Sensor_Enable
                0x00000000080090b4       0x4a Drivers/BSP/Components/LSM303AGR_ACC_driver_HL.o
 .text.LSM303AGR_X_Sensor_Disable
                0x00000000080090fe       0x58 Drivers/BSP/Components/LSM303AGR_ACC_driver_HL.o
 .text.LSM303AGR_X_Get_WhoAmI
                0x0000000008009156       0x26 Drivers/BSP/Components/LSM303AGR_ACC_driver_HL.o
 .text.LSM303AGR_X_Check_WhoAmI
                0x000000000800917c       0x3a Drivers/BSP/Components/LSM303AGR_ACC_driver_HL.o
 .text.LSM303AGR_X_Get_Axes
                0x00000000080091b6       0x3c Drivers/BSP/Components/LSM303AGR_ACC_driver_HL.o
 .text.LSM303AGR_X_Get_AxesRaw
                0x00000000080091f2       0x42 Drivers/BSP/Components/LSM303AGR_ACC_driver_HL.o
 .text.LSM303AGR_X_Get_Sensitivity
                0x0000000008009234       0x88 Drivers/BSP/Components/LSM303AGR_ACC_driver_HL.o
 .text.LSM303AGR_X_Get_ODR
                0x00000000080092bc       0xc4 Drivers/BSP/Components/LSM303AGR_ACC_driver_HL.o
 .text.LSM303AGR_X_Set_ODR
                0x0000000008009380       0x46 Drivers/BSP/Components/LSM303AGR_ACC_driver_HL.o
 .text.LSM303AGR_X_Set_ODR_Value
                0x00000000080093c6       0x46 Drivers/BSP/Components/LSM303AGR_ACC_driver_HL.o
 .text.LSM303AGR_X_Get_FS
                0x000000000800940c       0x7c Drivers/BSP/Components/LSM303AGR_ACC_driver_HL.o
 .text.LSM303AGR_X_Set_FS
                0x0000000008009488       0x4e Drivers/BSP/Components/LSM303AGR_ACC_driver_HL.o
 .text.LSM303AGR_X_Set_FS_Value
                0x00000000080094d6       0x70 Drivers/BSP/Components/LSM303AGR_ACC_driver_HL.o
 .text.LSM303AGR_X_Get_Axes_Status
                0x0000000008009546       0x8c Drivers/BSP/Components/LSM303AGR_ACC_driver_HL.o
 .text.LSM303AGR_X_Set_Axes_Status
                0x00000000080095d2       0x78 Drivers/BSP/Components/LSM303AGR_ACC_driver_HL.o
 .text.LSM303AGR_X_Read_Reg
                0x000000000800964a       0x2e Drivers/BSP/Components/LSM303AGR_ACC_driver_HL.o
 .text.LSM303AGR_X_Write_Reg
                0x0000000008009678       0x30 Drivers/BSP/Components/LSM303AGR_ACC_driver_HL.o
 .text.LSM303AGR_X_Get_DRDY_Status
                0x00000000080096a8       0x48 Drivers/BSP/Components/LSM303AGR_ACC_driver_HL.o
 .text.LSM303AGR_X_Get_Axes_Raw
                0x00000000080096f0       0xce Drivers/BSP/Components/LSM303AGR_ACC_driver_HL.o
 *fill*         0x00000000080097be        0x2 
 .text.LSM303AGR_X_Set_ODR_When_Enabled
                0x00000000080097c0       0x6c Drivers/BSP/Components/LSM303AGR_ACC_driver_HL.o
 .text.LSM303AGR_X_Set_ODR_When_Disabled
                0x000000000800982c       0x84 Drivers/BSP/Components/LSM303AGR_ACC_driver_HL.o
 .text.LSM303AGR_X_Set_ODR_Value_When_Enabled
                0x00000000080098b0       0xc0 Drivers/BSP/Components/LSM303AGR_ACC_driver_HL.o
 .text.LSM303AGR_X_Set_ODR_Value_When_Disabled
                0x0000000008009970       0xd8 Drivers/BSP/Components/LSM303AGR_ACC_driver_HL.o
 .text.LSM303AGR_X_Get_Sensitivity_Normal_Mode
                0x0000000008009a48       0x84 Drivers/BSP/Components/LSM303AGR_ACC_driver_HL.o
 .text.LSM303AGR_X_Get_Sensitivity_LP_Mode
                0x0000000008009acc       0x84 Drivers/BSP/Components/LSM303AGR_ACC_driver_HL.o
 .text.LSM303AGR_X_Get_Sensitivity_HR_Mode
                0x0000000008009b50       0x84 Drivers/BSP/Components/LSM303AGR_ACC_driver_HL.o
 .text.LSM303AGR_MAG_WriteReg
                0x0000000008009bd4       0x34 Drivers/BSP/Components/LSM303AGR_MAG_driver.o
                0x0000000008009bd4                LSM303AGR_MAG_WriteReg
 .text.LSM303AGR_MAG_ReadReg
                0x0000000008009c08       0x34 Drivers/BSP/Components/LSM303AGR_MAG_driver.o
                0x0000000008009c08                LSM303AGR_MAG_ReadReg
 .text.LSM303AGR_MAG_R_WHO_AM_I
                0x0000000008009c3c       0x3a Drivers/BSP/Components/LSM303AGR_MAG_driver.o
                0x0000000008009c3c                LSM303AGR_MAG_R_WHO_AM_I
 .text.LSM303AGR_MAG_W_BDU
                0x0000000008009c76       0x5a Drivers/BSP/Components/LSM303AGR_MAG_driver.o
                0x0000000008009c76                LSM303AGR_MAG_W_BDU
 .text.LSM303AGR_MAG_W_MD
                0x0000000008009cd0       0x5a Drivers/BSP/Components/LSM303AGR_MAG_driver.o
                0x0000000008009cd0                LSM303AGR_MAG_W_MD
 .text.LSM303AGR_MAG_Get_Raw_Magnetic
                0x0000000008009d2a       0x2a Drivers/BSP/Components/LSM303AGR_MAG_driver.o
                0x0000000008009d2a                LSM303AGR_MAG_Get_Raw_Magnetic
 .text.LSM303AGR_MAG_W_ODR
                0x0000000008009d54       0x5a Drivers/BSP/Components/LSM303AGR_MAG_driver.o
                0x0000000008009d54                LSM303AGR_MAG_W_ODR
 .text.LSM303AGR_MAG_R_ODR
                0x0000000008009dae       0x38 Drivers/BSP/Components/LSM303AGR_MAG_driver.o
                0x0000000008009dae                LSM303AGR_MAG_R_ODR
 .text.LSM303AGR_MAG_W_ST
                0x0000000008009de6       0x5a Drivers/BSP/Components/LSM303AGR_MAG_driver.o
                0x0000000008009de6                LSM303AGR_MAG_W_ST
 .text.LSM303AGR_MAG_W_I2C_DIS
                0x0000000008009e40       0x5a Drivers/BSP/Components/LSM303AGR_MAG_driver.o
                0x0000000008009e40                LSM303AGR_MAG_W_I2C_DIS
 .text.LSM303AGR_MAG_R_ZYXDA
                0x0000000008009e9a       0x38 Drivers/BSP/Components/LSM303AGR_MAG_driver.o
                0x0000000008009e9a                LSM303AGR_MAG_R_ZYXDA
 .text.LSM303AGR_M_Init
                0x0000000008009ed2       0x9a Drivers/BSP/Components/LSM303AGR_MAG_driver_HL.o
 .text.LSM303AGR_M_DeInit
                0x0000000008009f6c       0x50 Drivers/BSP/Components/LSM303AGR_MAG_driver_HL.o
 .text.LSM303AGR_M_Sensor_Enable
                0x0000000008009fbc       0x36 Drivers/BSP/Components/LSM303AGR_MAG_driver_HL.o
 .text.LSM303AGR_M_Sensor_Disable
                0x0000000008009ff2       0x36 Drivers/BSP/Components/LSM303AGR_MAG_driver_HL.o
 .text.LSM303AGR_M_Get_WhoAmI
                0x000000000800a028       0x26 Drivers/BSP/Components/LSM303AGR_MAG_driver_HL.o
 .text.LSM303AGR_M_Check_WhoAmI
                0x000000000800a04e       0x3a Drivers/BSP/Components/LSM303AGR_MAG_driver_HL.o
 .text.LSM303AGR_M_Get_Axes
                0x000000000800a088       0xa6 Drivers/BSP/Components/LSM303AGR_MAG_driver_HL.o
 .text.LSM303AGR_M_Get_AxesRaw
                0x000000000800a12e       0x42 Drivers/BSP/Components/LSM303AGR_MAG_driver_HL.o
 .text.LSM303AGR_M_Get_Sensitivity
                0x000000000800a170       0x20 Drivers/BSP/Components/LSM303AGR_MAG_driver_HL.o
 .text.LSM303AGR_M_Get_ODR
                0x000000000800a190       0xa8 Drivers/BSP/Components/LSM303AGR_MAG_driver_HL.o
 .text.LSM303AGR_M_Set_ODR
                0x000000000800a238       0x6c Drivers/BSP/Components/LSM303AGR_MAG_driver_HL.o
 .text.LSM303AGR_M_Set_ODR_Value
                0x000000000800a2a4       0x74 Drivers/BSP/Components/LSM303AGR_MAG_driver_HL.o
 .text.LSM303AGR_M_Get_FS
                0x000000000800a318       0x24 Drivers/BSP/Components/LSM303AGR_MAG_driver_HL.o
 .text.LSM303AGR_M_Set_FS
                0x000000000800a33c       0x1a Drivers/BSP/Components/LSM303AGR_MAG_driver_HL.o
 .text.LSM303AGR_M_Set_FS_Value
                0x000000000800a356       0x1a Drivers/BSP/Components/LSM303AGR_MAG_driver_HL.o
 .text.LSM303AGR_M_Read_Reg
                0x000000000800a370       0x2e Drivers/BSP/Components/LSM303AGR_MAG_driver_HL.o
 .text.LSM303AGR_M_Write_Reg
                0x000000000800a39e       0x30 Drivers/BSP/Components/LSM303AGR_MAG_driver_HL.o
 .text.LSM303AGR_M_Get_DRDY_Status
                0x000000000800a3ce       0x48 Drivers/BSP/Components/LSM303AGR_MAG_driver_HL.o
 .text.LSM303AGR_M_Get_Axes_Raw
                0x000000000800a416       0x5c Drivers/BSP/Components/LSM303AGR_MAG_driver_HL.o
 .text.LSM6DSM_ACC_GYRO_ReadReg
                0x000000000800a472       0x2e Drivers/BSP/Components/LSM6DSM_ACC_GYRO_driver.o
                0x000000000800a472                LSM6DSM_ACC_GYRO_ReadReg
 .text.LSM6DSM_ACC_GYRO_WriteReg
                0x000000000800a4a0       0x30 Drivers/BSP/Components/LSM6DSM_ACC_GYRO_driver.o
                0x000000000800a4a0                LSM6DSM_ACC_GYRO_WriteReg
 .text.LSM6DSM_ACC_GYRO_W_EmbeddedAccess
                0x000000000800a4d0       0x58 Drivers/BSP/Components/LSM6DSM_ACC_GYRO_driver.o
                0x000000000800a4d0                LSM6DSM_ACC_GYRO_W_EmbeddedAccess
 .text.LSM6DSM_ACC_GYRO_W_FIFO_MODE
                0x000000000800a528       0x58 Drivers/BSP/Components/LSM6DSM_ACC_GYRO_driver.o
                0x000000000800a528                LSM6DSM_ACC_GYRO_W_FIFO_MODE
 .text.LSM6DSM_ACC_GYRO_W_STEP_DELTA_on_INT2
                0x000000000800a580       0x58 Drivers/BSP/Components/LSM6DSM_ACC_GYRO_driver.o
                0x000000000800a580                LSM6DSM_ACC_GYRO_W_STEP_DELTA_on_INT2
 .text.LSM6DSM_ACC_GYRO_R_WHO_AM_I
                0x000000000800a5d8       0x38 Drivers/BSP/Components/LSM6DSM_ACC_GYRO_driver.o
                0x000000000800a5d8                LSM6DSM_ACC_GYRO_R_WHO_AM_I
 .text.LSM6DSM_ACC_GYRO_W_FS_XL
                0x000000000800a610       0x58 Drivers/BSP/Components/LSM6DSM_ACC_GYRO_driver.o
                0x000000000800a610                LSM6DSM_ACC_GYRO_W_FS_XL
 .text.LSM6DSM_ACC_GYRO_R_FS_XL
                0x000000000800a668       0x36 Drivers/BSP/Components/LSM6DSM_ACC_GYRO_driver.o
                0x000000000800a668                LSM6DSM_ACC_GYRO_R_FS_XL
 .text.LSM6DSM_ACC_GYRO_W_ODR_XL
                0x000000000800a69e       0x58 Drivers/BSP/Components/LSM6DSM_ACC_GYRO_driver.o
                0x000000000800a69e                LSM6DSM_ACC_GYRO_W_ODR_XL
 .text.LSM6DSM_ACC_GYRO_R_ODR_XL
                0x000000000800a6f6       0x36 Drivers/BSP/Components/LSM6DSM_ACC_GYRO_driver.o
                0x000000000800a6f6                LSM6DSM_ACC_GYRO_R_ODR_XL
 .text.LSM6DSM_ACC_GYRO_W_FS_125
                0x000000000800a72c       0x58 Drivers/BSP/Components/LSM6DSM_ACC_GYRO_driver.o
                0x000000000800a72c                LSM6DSM_ACC_GYRO_W_FS_125
 .text.LSM6DSM_ACC_GYRO_R_FS_125
                0x000000000800a784       0x36 Drivers/BSP/Components/LSM6DSM_ACC_GYRO_driver.o
                0x000000000800a784                LSM6DSM_ACC_GYRO_R_FS_125
 .text.LSM6DSM_ACC_GYRO_W_FS_G
                0x000000000800a7ba       0x58 Drivers/BSP/Components/LSM6DSM_ACC_GYRO_driver.o
                0x000000000800a7ba                LSM6DSM_ACC_GYRO_W_FS_G
 .text.LSM6DSM_ACC_GYRO_R_FS_G
                0x000000000800a812       0x36 Drivers/BSP/Components/LSM6DSM_ACC_GYRO_driver.o
                0x000000000800a812                LSM6DSM_ACC_GYRO_R_FS_G
 .text.LSM6DSM_ACC_GYRO_W_ODR_G
                0x000000000800a848       0x58 Drivers/BSP/Components/LSM6DSM_ACC_GYRO_driver.o
                0x000000000800a848                LSM6DSM_ACC_GYRO_W_ODR_G
 .text.LSM6DSM_ACC_GYRO_R_ODR_G
                0x000000000800a8a0       0x36 Drivers/BSP/Components/LSM6DSM_ACC_GYRO_driver.o
                0x000000000800a8a0                LSM6DSM_ACC_GYRO_R_ODR_G
 .text.LSM6DSM_ACC_GYRO_W_IF_Addr_Incr
                0x000000000800a8d6       0x58 Drivers/BSP/Components/LSM6DSM_ACC_GYRO_driver.o
                0x000000000800a8d6                LSM6DSM_ACC_GYRO_W_IF_Addr_Incr
 .text.LSM6DSM_ACC_GYRO_W_BDU
                0x000000000800a92e       0x58 Drivers/BSP/Components/LSM6DSM_ACC_GYRO_driver.o
                0x000000000800a92e                LSM6DSM_ACC_GYRO_W_BDU
 .text.LSM6DSM_ACC_GYRO_W_I2C_DISABLE
                0x000000000800a986       0x58 Drivers/BSP/Components/LSM6DSM_ACC_GYRO_driver.o
                0x000000000800a986                LSM6DSM_ACC_GYRO_W_I2C_DISABLE
 .text.LSM6DSM_ACC_GYRO_W_PedoStepReset
                0x000000000800a9de       0x58 Drivers/BSP/Components/LSM6DSM_ACC_GYRO_driver.o
                0x000000000800a9de                LSM6DSM_ACC_GYRO_W_PedoStepReset
 .text.LSM6DSM_ACC_GYRO_W_TILT
                0x000000000800aa36       0x58 Drivers/BSP/Components/LSM6DSM_ACC_GYRO_driver.o
                0x000000000800aa36                LSM6DSM_ACC_GYRO_W_TILT
 .text.LSM6DSM_ACC_GYRO_W_PEDO
                0x000000000800aa8e       0x58 Drivers/BSP/Components/LSM6DSM_ACC_GYRO_driver.o
                0x000000000800aa8e                LSM6DSM_ACC_GYRO_W_PEDO
 .text.LSM6DSM_ACC_GYRO_W_FUNC_EN
                0x000000000800aae6       0x58 Drivers/BSP/Components/LSM6DSM_ACC_GYRO_driver.o
                0x000000000800aae6                LSM6DSM_ACC_GYRO_W_FUNC_EN
 .text.LSM6DSM_ACC_GYRO_R_WU_EV_STATUS
                0x000000000800ab3e       0x36 Drivers/BSP/Components/LSM6DSM_ACC_GYRO_driver.o
                0x000000000800ab3e                LSM6DSM_ACC_GYRO_R_WU_EV_STATUS
 .text.LSM6DSM_ACC_GYRO_R_FF_EV_STATUS
                0x000000000800ab74       0x36 Drivers/BSP/Components/LSM6DSM_ACC_GYRO_driver.o
                0x000000000800ab74                LSM6DSM_ACC_GYRO_R_FF_EV_STATUS
 .text.LSM6DSM_ACC_GYRO_R_DOUBLE_TAP_EV_STATUS
                0x000000000800abaa       0x36 Drivers/BSP/Components/LSM6DSM_ACC_GYRO_driver.o
                0x000000000800abaa                LSM6DSM_ACC_GYRO_R_DOUBLE_TAP_EV_STATUS
 .text.LSM6DSM_ACC_GYRO_R_SINGLE_TAP_EV_STATUS
                0x000000000800abe0       0x36 Drivers/BSP/Components/LSM6DSM_ACC_GYRO_driver.o
                0x000000000800abe0                LSM6DSM_ACC_GYRO_R_SINGLE_TAP_EV_STATUS
 .text.LSM6DSM_ACC_GYRO_R_DSD_XL
                0x000000000800ac16       0x36 Drivers/BSP/Components/LSM6DSM_ACC_GYRO_driver.o
                0x000000000800ac16                LSM6DSM_ACC_GYRO_R_DSD_XL
 .text.LSM6DSM_ACC_GYRO_R_DSD_XH
                0x000000000800ac4c       0x36 Drivers/BSP/Components/LSM6DSM_ACC_GYRO_driver.o
                0x000000000800ac4c                LSM6DSM_ACC_GYRO_R_DSD_XH
 .text.LSM6DSM_ACC_GYRO_R_DSD_YL
                0x000000000800ac82       0x36 Drivers/BSP/Components/LSM6DSM_ACC_GYRO_driver.o
                0x000000000800ac82                LSM6DSM_ACC_GYRO_R_DSD_YL
 .text.LSM6DSM_ACC_GYRO_R_DSD_YH
                0x000000000800acb8       0x36 Drivers/BSP/Components/LSM6DSM_ACC_GYRO_driver.o
                0x000000000800acb8                LSM6DSM_ACC_GYRO_R_DSD_YH
 .text.LSM6DSM_ACC_GYRO_R_DSD_ZL
                0x000000000800acee       0x36 Drivers/BSP/Components/LSM6DSM_ACC_GYRO_driver.o
                0x000000000800acee                LSM6DSM_ACC_GYRO_R_DSD_ZL
 .text.LSM6DSM_ACC_GYRO_R_DSD_ZH
                0x000000000800ad24       0x36 Drivers/BSP/Components/LSM6DSM_ACC_GYRO_driver.o
                0x000000000800ad24                LSM6DSM_ACC_GYRO_R_DSD_ZH
 .text.LSM6DSM_ACC_GYRO_R_D6D_EV_STATUS
                0x000000000800ad5a       0x36 Drivers/BSP/Components/LSM6DSM_ACC_GYRO_driver.o
                0x000000000800ad5a                LSM6DSM_ACC_GYRO_R_D6D_EV_STATUS
 .text.LSM6DSM_ACC_GYRO_R_XLDA
                0x000000000800ad90       0x36 Drivers/BSP/Components/LSM6DSM_ACC_GYRO_driver.o
                0x000000000800ad90                LSM6DSM_ACC_GYRO_R_XLDA
 .text.LSM6DSM_ACC_GYRO_R_GDA
                0x000000000800adc6       0x36 Drivers/BSP/Components/LSM6DSM_ACC_GYRO_driver.o
                0x000000000800adc6                LSM6DSM_ACC_GYRO_R_GDA
 .text.LSM6DSM_ACC_GYRO_R_PEDO_EV_STATUS
                0x000000000800adfc       0x36 Drivers/BSP/Components/LSM6DSM_ACC_GYRO_driver.o
                0x000000000800adfc                LSM6DSM_ACC_GYRO_R_PEDO_EV_STATUS
 .text.LSM6DSM_ACC_GYRO_R_TILT_EV_STATUS
                0x000000000800ae32       0x36 Drivers/BSP/Components/LSM6DSM_ACC_GYRO_driver.o
                0x000000000800ae32                LSM6DSM_ACC_GYRO_R_TILT_EV_STATUS
 .text.LSM6DSM_ACC_GYRO_W_TAP_Z_EN
                0x000000000800ae68       0x58 Drivers/BSP/Components/LSM6DSM_ACC_GYRO_driver.o
                0x000000000800ae68                LSM6DSM_ACC_GYRO_W_TAP_Z_EN
 .text.LSM6DSM_ACC_GYRO_W_TAP_Y_EN
                0x000000000800aec0       0x58 Drivers/BSP/Components/LSM6DSM_ACC_GYRO_driver.o
                0x000000000800aec0                LSM6DSM_ACC_GYRO_W_TAP_Y_EN
 .text.LSM6DSM_ACC_GYRO_W_TAP_X_EN
                0x000000000800af18       0x58 Drivers/BSP/Components/LSM6DSM_ACC_GYRO_driver.o
                0x000000000800af18                LSM6DSM_ACC_GYRO_W_TAP_X_EN
 .text.LSM6DSM_ACC_GYRO_W_BASIC_INT
                0x000000000800af70       0x58 Drivers/BSP/Components/LSM6DSM_ACC_GYRO_driver.o
                0x000000000800af70                LSM6DSM_ACC_GYRO_W_BASIC_INT
 .text.LSM6DSM_ACC_GYRO_W_TAP_THS
                0x000000000800afc8       0x60 Drivers/BSP/Components/LSM6DSM_ACC_GYRO_driver.o
                0x000000000800afc8                LSM6DSM_ACC_GYRO_W_TAP_THS
 .text.LSM6DSM_ACC_GYRO_W_SIXD_THS
                0x000000000800b028       0x58 Drivers/BSP/Components/LSM6DSM_ACC_GYRO_driver.o
                0x000000000800b028                LSM6DSM_ACC_GYRO_W_SIXD_THS
 .text.LSM6DSM_ACC_GYRO_W_SHOCK_Duration
                0x000000000800b080       0x60 Drivers/BSP/Components/LSM6DSM_ACC_GYRO_driver.o
                0x000000000800b080                LSM6DSM_ACC_GYRO_W_SHOCK_Duration
 .text.LSM6DSM_ACC_GYRO_W_QUIET_Duration
                0x000000000800b0e0       0x66 Drivers/BSP/Components/LSM6DSM_ACC_GYRO_driver.o
                0x000000000800b0e0                LSM6DSM_ACC_GYRO_W_QUIET_Duration
 .text.LSM6DSM_ACC_GYRO_W_DUR
                0x000000000800b146       0x66 Drivers/BSP/Components/LSM6DSM_ACC_GYRO_driver.o
                0x000000000800b146                LSM6DSM_ACC_GYRO_W_DUR
 .text.LSM6DSM_ACC_GYRO_W_WK_THS
                0x000000000800b1ac       0x60 Drivers/BSP/Components/LSM6DSM_ACC_GYRO_driver.o
                0x000000000800b1ac                LSM6DSM_ACC_GYRO_W_WK_THS
 .text.LSM6DSM_ACC_GYRO_W_SINGLE_DOUBLE_TAP_EV
                0x000000000800b20c       0x58 Drivers/BSP/Components/LSM6DSM_ACC_GYRO_driver.o
                0x000000000800b20c                LSM6DSM_ACC_GYRO_W_SINGLE_DOUBLE_TAP_EV
 .text.LSM6DSM_ACC_GYRO_W_SLEEP_DUR
                0x000000000800b264       0x60 Drivers/BSP/Components/LSM6DSM_ACC_GYRO_driver.o
                0x000000000800b264                LSM6DSM_ACC_GYRO_W_SLEEP_DUR
 .text.LSM6DSM_ACC_GYRO_W_TIMER_HR
                0x000000000800b2c4       0x58 Drivers/BSP/Components/LSM6DSM_ACC_GYRO_driver.o
                0x000000000800b2c4                LSM6DSM_ACC_GYRO_W_TIMER_HR
 .text.LSM6DSM_ACC_GYRO_W_WAKE_DUR
                0x000000000800b31c       0x66 Drivers/BSP/Components/LSM6DSM_ACC_GYRO_driver.o
                0x000000000800b31c                LSM6DSM_ACC_GYRO_W_WAKE_DUR
 .text.LSM6DSM_ACC_GYRO_W_FF_THS
                0x000000000800b382       0x58 Drivers/BSP/Components/LSM6DSM_ACC_GYRO_driver.o
                0x000000000800b382                LSM6DSM_ACC_GYRO_W_FF_THS
 .text.LSM6DSM_ACC_GYRO_W_FF_Duration
                0x000000000800b3da       0xca Drivers/BSP/Components/LSM6DSM_ACC_GYRO_driver.o
                0x000000000800b3da                LSM6DSM_ACC_GYRO_W_FF_Duration
 .text.LSM6DSM_ACC_GYRO_W_TiltEvOnInt2
                0x000000000800b4a4       0x58 Drivers/BSP/Components/LSM6DSM_ACC_GYRO_driver.o
                0x000000000800b4a4                LSM6DSM_ACC_GYRO_W_TiltEvOnInt2
 .text.LSM6DSM_ACC_GYRO_W_6DEvOnInt2
                0x000000000800b4fc       0x58 Drivers/BSP/Components/LSM6DSM_ACC_GYRO_driver.o
                0x000000000800b4fc                LSM6DSM_ACC_GYRO_W_6DEvOnInt2
 .text.LSM6DSM_ACC_GYRO_W_TapEvOnInt2
                0x000000000800b554       0x58 Drivers/BSP/Components/LSM6DSM_ACC_GYRO_driver.o
                0x000000000800b554                LSM6DSM_ACC_GYRO_W_TapEvOnInt2
 .text.LSM6DSM_ACC_GYRO_W_FFEvOnInt2
                0x000000000800b5ac       0x58 Drivers/BSP/Components/LSM6DSM_ACC_GYRO_driver.o
                0x000000000800b5ac                LSM6DSM_ACC_GYRO_W_FFEvOnInt2
 .text.LSM6DSM_ACC_GYRO_W_WUEvOnInt2
                0x000000000800b604       0x58 Drivers/BSP/Components/LSM6DSM_ACC_GYRO_driver.o
                0x000000000800b604                LSM6DSM_ACC_GYRO_W_WUEvOnInt2
 .text.LSM6DSM_ACC_GYRO_W_SingleTapOnInt2
                0x000000000800b65c       0x58 Drivers/BSP/Components/LSM6DSM_ACC_GYRO_driver.o
                0x000000000800b65c                LSM6DSM_ACC_GYRO_W_SingleTapOnInt2
 .text.LSM6DSM_ACC_GYRO_GetRawGyroData
                0x000000000800b6b4       0x66 Drivers/BSP/Components/LSM6DSM_ACC_GYRO_driver.o
                0x000000000800b6b4                LSM6DSM_ACC_GYRO_GetRawGyroData
 .text.LSM6DSM_ACC_GYRO_GetRawAccData
                0x000000000800b71a       0x66 Drivers/BSP/Components/LSM6DSM_ACC_GYRO_driver.o
                0x000000000800b71a                LSM6DSM_ACC_GYRO_GetRawAccData
 .text.LSM6DSM_ACC_GYRO_Get_GetStepCounter
                0x000000000800b780       0x66 Drivers/BSP/Components/LSM6DSM_ACC_GYRO_driver.o
                0x000000000800b780                LSM6DSM_ACC_GYRO_Get_GetStepCounter
 .text.LSM6DSM_ACC_GYRO_W_PedoThreshold
                0x000000000800b7e6       0x88 Drivers/BSP/Components/LSM6DSM_ACC_GYRO_driver.o
                0x000000000800b7e6                LSM6DSM_ACC_GYRO_W_PedoThreshold
 *fill*         0x000000000800b86e        0x2 
 .text.LSM6DSM_X_Init
                0x000000000800b870       0xa4 Drivers/BSP/Components/LSM6DSM_ACC_GYRO_driver_HL.o
 .text.LSM6DSM_X_DeInit
                0x000000000800b914       0xc8 Drivers/BSP/Components/LSM6DSM_ACC_GYRO_driver_HL.o
 .text.LSM6DSM_X_Sensor_Enable
                0x000000000800b9dc       0x4a Drivers/BSP/Components/LSM6DSM_ACC_GYRO_driver_HL.o
 .text.LSM6DSM_X_Sensor_Disable
                0x000000000800ba26       0x58 Drivers/BSP/Components/LSM6DSM_ACC_GYRO_driver_HL.o
 .text.LSM6DSM_X_Get_WhoAmI
                0x000000000800ba7e       0x1c Drivers/BSP/Components/LSM6DSM_ACC_GYRO_driver_HL.o
 .text.LSM6DSM_X_Check_WhoAmI
                0x000000000800ba9a       0x18 Drivers/BSP/Components/LSM6DSM_ACC_GYRO_driver_HL.o
 .text.LSM6DSM_X_Get_Axes
                0x000000000800bab2       0xa6 Drivers/BSP/Components/LSM6DSM_ACC_GYRO_driver_HL.o
 .text.LSM6DSM_X_Get_AxesRaw
                0x000000000800bb58       0x42 Drivers/BSP/Components/LSM6DSM_ACC_GYRO_driver_HL.o
 *fill*         0x000000000800bb9a        0x2 
 .text.LSM6DSM_X_Get_Sensitivity
                0x000000000800bb9c       0xa8 Drivers/BSP/Components/LSM6DSM_ACC_GYRO_driver_HL.o
 .text.LSM6DSM_X_Get_ODR
                0x000000000800bc44       0xfc Drivers/BSP/Components/LSM6DSM_ACC_GYRO_driver_HL.o
 .text.LSM6DSM_X_Set_ODR
                0x000000000800bd40       0x46 Drivers/BSP/Components/LSM6DSM_ACC_GYRO_driver_HL.o
 .text.LSM6DSM_X_Set_ODR_Value
                0x000000000800bd86       0x46 Drivers/BSP/Components/LSM6DSM_ACC_GYRO_driver_HL.o
 .text.LSM6DSM_X_Get_FS
                0x000000000800bdcc       0xa0 Drivers/BSP/Components/LSM6DSM_ACC_GYRO_driver_HL.o
 .text.LSM6DSM_X_Set_FS
                0x000000000800be6c       0x4e Drivers/BSP/Components/LSM6DSM_ACC_GYRO_driver_HL.o
 .text.LSM6DSM_X_Set_FS_Value
                0x000000000800beba       0x70 Drivers/BSP/Components/LSM6DSM_ACC_GYRO_driver_HL.o
 *fill*         0x000000000800bf2a        0x2 
 .text.LSM6DSM_G_Init
                0x000000000800bf2c       0xa4 Drivers/BSP/Components/LSM6DSM_ACC_GYRO_driver_HL.o
 .text.LSM6DSM_G_DeInit
                0x000000000800bfd0       0x58 Drivers/BSP/Components/LSM6DSM_ACC_GYRO_driver_HL.o
 .text.LSM6DSM_G_Sensor_Enable
                0x000000000800c028       0x4a Drivers/BSP/Components/LSM6DSM_ACC_GYRO_driver_HL.o
 .text.LSM6DSM_G_Sensor_Disable
                0x000000000800c072       0x58 Drivers/BSP/Components/LSM6DSM_ACC_GYRO_driver_HL.o
 .text.LSM6DSM_G_Get_WhoAmI
                0x000000000800c0ca       0x1c Drivers/BSP/Components/LSM6DSM_ACC_GYRO_driver_HL.o
 .text.LSM6DSM_G_Check_WhoAmI
                0x000000000800c0e6       0x18 Drivers/BSP/Components/LSM6DSM_ACC_GYRO_driver_HL.o
 .text.LSM6DSM_G_Get_Axes
                0x000000000800c0fe       0xa6 Drivers/BSP/Components/LSM6DSM_ACC_GYRO_driver_HL.o
 .text.LSM6DSM_G_Get_AxesRaw
                0x000000000800c1a4       0x42 Drivers/BSP/Components/LSM6DSM_ACC_GYRO_driver_HL.o
 *fill*         0x000000000800c1e6        0x2 
 .text.LSM6DSM_G_Get_Sensitivity
                0x000000000800c1e8       0xd0 Drivers/BSP/Components/LSM6DSM_ACC_GYRO_driver_HL.o
 .text.LSM6DSM_G_Get_ODR
                0x000000000800c2b8       0xfc Drivers/BSP/Components/LSM6DSM_ACC_GYRO_driver_HL.o
 .text.LSM6DSM_G_Set_ODR
                0x000000000800c3b4       0x46 Drivers/BSP/Components/LSM6DSM_ACC_GYRO_driver_HL.o
 .text.LSM6DSM_G_Set_ODR_Value
                0x000000000800c3fa       0x46 Drivers/BSP/Components/LSM6DSM_ACC_GYRO_driver_HL.o
 .text.LSM6DSM_G_Get_FS
                0x000000000800c440       0xd0 Drivers/BSP/Components/LSM6DSM_ACC_GYRO_driver_HL.o
 .text.LSM6DSM_G_Set_FS
                0x000000000800c510       0x4e Drivers/BSP/Components/LSM6DSM_ACC_GYRO_driver_HL.o
 *fill*         0x000000000800c55e        0x2 
 .text.LSM6DSM_G_Set_FS_Value
                0x000000000800c560       0xb8 Drivers/BSP/Components/LSM6DSM_ACC_GYRO_driver_HL.o
 .text.LSM6DSM_Get_WhoAmI
                0x000000000800c618       0x26 Drivers/BSP/Components/LSM6DSM_ACC_GYRO_driver_HL.o
 .text.LSM6DSM_Check_WhoAmI
                0x000000000800c63e       0x3a Drivers/BSP/Components/LSM6DSM_ACC_GYRO_driver_HL.o
 .text.LSM6DSM_X_Get_Axes_Raw
                0x000000000800c678       0x7a Drivers/BSP/Components/LSM6DSM_ACC_GYRO_driver_HL.o
 *fill*         0x000000000800c6f2        0x2 
 .text.LSM6DSM_X_Set_ODR_When_Enabled
                0x000000000800c6f4       0x6c Drivers/BSP/Components/LSM6DSM_ACC_GYRO_driver_HL.o
 .text.LSM6DSM_X_Set_ODR_When_Disabled
                0x000000000800c760       0x84 Drivers/BSP/Components/LSM6DSM_ACC_GYRO_driver_HL.o
 .text.LSM6DSM_X_Set_ODR_Value_When_Enabled
                0x000000000800c7e4      0x110 Drivers/BSP/Components/LSM6DSM_ACC_GYRO_driver_HL.o
 .text.LSM6DSM_X_Set_ODR_Value_When_Disabled
                0x000000000800c8f4      0x138 Drivers/BSP/Components/LSM6DSM_ACC_GYRO_driver_HL.o
 .text.LSM6DSM_G_Get_Axes_Raw
                0x000000000800ca2c       0x7a Drivers/BSP/Components/LSM6DSM_ACC_GYRO_driver_HL.o
 *fill*         0x000000000800caa6        0x2 
 .text.LSM6DSM_G_Set_ODR_When_Enabled
                0x000000000800caa8       0x6c Drivers/BSP/Components/LSM6DSM_ACC_GYRO_driver_HL.o
 .text.LSM6DSM_G_Set_ODR_When_Disabled
                0x000000000800cb14       0x84 Drivers/BSP/Components/LSM6DSM_ACC_GYRO_driver_HL.o
 .text.LSM6DSM_G_Set_ODR_Value_When_Enabled
                0x000000000800cb98      0x110 Drivers/BSP/Components/LSM6DSM_ACC_GYRO_driver_HL.o
 .text.LSM6DSM_G_Set_ODR_Value_When_Disabled
                0x000000000800cca8      0x138 Drivers/BSP/Components/LSM6DSM_ACC_GYRO_driver_HL.o
 .text.LSM6DSM_X_Enable_Free_Fall_Detection
                0x000000000800cde0       0xbc Drivers/BSP/Components/LSM6DSM_ACC_GYRO_driver_HL.o
 .text.LSM6DSM_X_Disable_Free_Fall_Detection
                0x000000000800ce9c       0x5a Drivers/BSP/Components/LSM6DSM_ACC_GYRO_driver_HL.o
 .text.LSM6DSM_X_Get_Free_Fall_Detection_Status
                0x000000000800cef6       0x48 Drivers/BSP/Components/LSM6DSM_ACC_GYRO_driver_HL.o
 .text.LSM6DSM_X_Set_Free_Fall_Threshold
                0x000000000800cf3e       0x2a Drivers/BSP/Components/LSM6DSM_ACC_GYRO_driver_HL.o
 .text.LSM6DSM_X_Enable_Pedometer
                0x000000000800cf68       0x80 Drivers/BSP/Components/LSM6DSM_ACC_GYRO_driver_HL.o
 .text.LSM6DSM_X_Disable_Pedometer
                0x000000000800cfe8       0x5a Drivers/BSP/Components/LSM6DSM_ACC_GYRO_driver_HL.o
 .text.LSM6DSM_X_Get_Pedometer_Status
                0x000000000800d042       0x48 Drivers/BSP/Components/LSM6DSM_ACC_GYRO_driver_HL.o
 .text.LSM6DSM_X_Get_Step_Count
                0x000000000800d08a       0x26 Drivers/BSP/Components/LSM6DSM_ACC_GYRO_driver_HL.o
 .text.LSM6DSM_X_Enable_Step_Counter_Reset
                0x000000000800d0b0       0x24 Drivers/BSP/Components/LSM6DSM_ACC_GYRO_driver_HL.o
 .text.LSM6DSM_X_Disable_Step_Counter_Reset
                0x000000000800d0d4       0x24 Drivers/BSP/Components/LSM6DSM_ACC_GYRO_driver_HL.o
 .text.LSM6DSM_X_Set_Pedometer_Threshold
                0x000000000800d0f8       0x2a Drivers/BSP/Components/LSM6DSM_ACC_GYRO_driver_HL.o
 .text.LSM6DSM_X_Enable_Tilt_Detection
                0x000000000800d122       0x6e Drivers/BSP/Components/LSM6DSM_ACC_GYRO_driver_HL.o
 .text.LSM6DSM_X_Disable_Tilt_Detection
                0x000000000800d190       0x48 Drivers/BSP/Components/LSM6DSM_ACC_GYRO_driver_HL.o
 .text.LSM6DSM_X_Get_Tilt_Detection_Status
                0x000000000800d1d8       0x48 Drivers/BSP/Components/LSM6DSM_ACC_GYRO_driver_HL.o
 .text.LSM6DSM_X_Enable_Wake_Up_Detection
                0x000000000800d220       0x84 Drivers/BSP/Components/LSM6DSM_ACC_GYRO_driver_HL.o
 .text.LSM6DSM_X_Disable_Wake_Up_Detection
                0x000000000800d2a4       0x5a Drivers/BSP/Components/LSM6DSM_ACC_GYRO_driver_HL.o
 .text.LSM6DSM_X_Get_Wake_Up_Detection_Status
                0x000000000800d2fe       0x48 Drivers/BSP/Components/LSM6DSM_ACC_GYRO_driver_HL.o
 .text.LSM6DSM_X_Set_Wake_Up_Threshold
                0x000000000800d346       0x2a Drivers/BSP/Components/LSM6DSM_ACC_GYRO_driver_HL.o
 .text.LSM6DSM_X_Enable_Single_Tap_Detection
                0x000000000800d370       0xcc Drivers/BSP/Components/LSM6DSM_ACC_GYRO_driver_HL.o
 .text.LSM6DSM_X_Disable_Single_Tap_Detection
                0x000000000800d43c       0xa2 Drivers/BSP/Components/LSM6DSM_ACC_GYRO_driver_HL.o
 .text.LSM6DSM_X_Get_Single_Tap_Detection_Status
                0x000000000800d4de       0x48 Drivers/BSP/Components/LSM6DSM_ACC_GYRO_driver_HL.o
 *fill*         0x000000000800d526        0x2 
 .text.LSM6DSM_X_Enable_Double_Tap_Detection
                0x000000000800d528       0xf0 Drivers/BSP/Components/LSM6DSM_ACC_GYRO_driver_HL.o
 .text.LSM6DSM_X_Disable_Double_Tap_Detection
                0x000000000800d618       0xc6 Drivers/BSP/Components/LSM6DSM_ACC_GYRO_driver_HL.o
 .text.LSM6DSM_X_Get_Double_Tap_Detection_Status
                0x000000000800d6de       0x48 Drivers/BSP/Components/LSM6DSM_ACC_GYRO_driver_HL.o
 .text.LSM6DSM_X_Set_Tap_Threshold
                0x000000000800d726       0x2a Drivers/BSP/Components/LSM6DSM_ACC_GYRO_driver_HL.o
 .text.LSM6DSM_X_Set_Tap_Shock_Time
                0x000000000800d750       0x2a Drivers/BSP/Components/LSM6DSM_ACC_GYRO_driver_HL.o
 .text.LSM6DSM_X_Set_Tap_Quiet_Time
                0x000000000800d77a       0x2a Drivers/BSP/Components/LSM6DSM_ACC_GYRO_driver_HL.o
 .text.LSM6DSM_X_Set_Tap_Duration_Time
                0x000000000800d7a4       0x2a Drivers/BSP/Components/LSM6DSM_ACC_GYRO_driver_HL.o
 *fill*         0x000000000800d7ce        0x2 
 .text.LSM6DSM_X_Enable_6D_Orientation
                0x000000000800d7d0       0x74 Drivers/BSP/Components/LSM6DSM_ACC_GYRO_driver_HL.o
 .text.LSM6DSM_X_Disable_6D_Orientation
                0x000000000800d844       0x48 Drivers/BSP/Components/LSM6DSM_ACC_GYRO_driver_HL.o
 .text.LSM6DSM_X_Get_6D_Orientation_Status
                0x000000000800d88c       0x48 Drivers/BSP/Components/LSM6DSM_ACC_GYRO_driver_HL.o
 .text.LSM6DSM_X_Get_6D_Orientation_XL
                0x000000000800d8d4       0x48 Drivers/BSP/Components/LSM6DSM_ACC_GYRO_driver_HL.o
 .text.LSM6DSM_X_Get_6D_Orientation_XH
                0x000000000800d91c       0x48 Drivers/BSP/Components/LSM6DSM_ACC_GYRO_driver_HL.o
 .text.LSM6DSM_X_Get_6D_Orientation_YL
                0x000000000800d964       0x48 Drivers/BSP/Components/LSM6DSM_ACC_GYRO_driver_HL.o
 .text.LSM6DSM_X_Get_6D_Orientation_YH
                0x000000000800d9ac       0x48 Drivers/BSP/Components/LSM6DSM_ACC_GYRO_driver_HL.o
 .text.LSM6DSM_X_Get_6D_Orientation_ZL
                0x000000000800d9f4       0x48 Drivers/BSP/Components/LSM6DSM_ACC_GYRO_driver_HL.o
 .text.LSM6DSM_X_Get_6D_Orientation_ZH
                0x000000000800da3c       0x48 Drivers/BSP/Components/LSM6DSM_ACC_GYRO_driver_HL.o
 .text.LSM6DSM_X_Read_Reg
                0x000000000800da84       0x2e Drivers/BSP/Components/LSM6DSM_ACC_GYRO_driver_HL.o
 .text.LSM6DSM_X_Write_Reg
                0x000000000800dab2       0x30 Drivers/BSP/Components/LSM6DSM_ACC_GYRO_driver_HL.o
 .text.LSM6DSM_X_Get_DRDY_Status
                0x000000000800dae2       0x48 Drivers/BSP/Components/LSM6DSM_ACC_GYRO_driver_HL.o
 .text.LSM6DSM_G_Read_Reg
                0x000000000800db2a       0x2e Drivers/BSP/Components/LSM6DSM_ACC_GYRO_driver_HL.o
 .text.LSM6DSM_G_Write_Reg
                0x000000000800db58       0x30 Drivers/BSP/Components/LSM6DSM_ACC_GYRO_driver_HL.o
 .text.LSM6DSM_G_Get_DRDY_Status
                0x000000000800db88       0x48 Drivers/BSP/Components/LSM6DSM_ACC_GYRO_driver_HL.o
 .text.STC3115_Init
                0x000000000800dbd0      0x254 Drivers/BSP/Components/STC3115_Driver.o
 .text.STC3115_DeInit
                0x000000000800de24       0x1c Drivers/BSP/Components/STC3115_Driver.o
 .text.STC3115_Get_WhoAmI
                0x000000000800de40       0x2a Drivers/BSP/Components/STC3115_Driver.o
 *fill*         0x000000000800de6a        0x2 
 .text.STC3115_Task
                0x000000000800de6c      0x2a8 Drivers/BSP/Components/STC3115_Driver.o
 .text.STC3115_Reset
                0x000000000800e114       0x52 Drivers/BSP/Components/STC3115_Driver.o
 .text.STC3115_Stop
                0x000000000800e166       0x4e Drivers/BSP/Components/STC3115_Driver.o
 .text.STC3115_GetSOC
                0x000000000800e1b4       0x38 Drivers/BSP/Components/STC3115_Driver.o
 .text.STC3115_GetOCV
                0x000000000800e1ec       0x26 Drivers/BSP/Components/STC3115_Driver.o
 .text.STC3115_GetCurrent
                0x000000000800e212       0x24 Drivers/BSP/Components/STC3115_Driver.o
 .text.STC3115_GetTemperature
                0x000000000800e236       0x24 Drivers/BSP/Components/STC3115_Driver.o
 .text.STC3115_GetVoltage
                0x000000000800e25a       0x26 Drivers/BSP/Components/STC3115_Driver.o
 .text.STC3115_GetChargeValue
                0x000000000800e280       0x26 Drivers/BSP/Components/STC3115_Driver.o
 .text.STC3115_GetPresence
                0x000000000800e2a6       0x26 Drivers/BSP/Components/STC3115_Driver.o
 .text.STC3115_GetAlarmStatus
                0x000000000800e2cc       0x2a Drivers/BSP/Components/STC3115_Driver.o
 .text.STC3115_Status
                0x000000000800e2f6       0x52 Drivers/BSP/Components/STC3115_Driver.o
 .text.STC3115_CalcRamCRC8
                0x000000000800e348       0x6c Drivers/BSP/Components/STC3115_Driver.o
 .text.STC3115_UpdateRamCRC
                0x000000000800e3b4       0x30 Drivers/BSP/Components/STC3115_Driver.o
 .text.STC3115_InitRamData
                0x000000000800e3e4       0x5a Drivers/BSP/Components/STC3115_Driver.o
 .text.STC3115_WriteRamData
                0x000000000800e43e       0x2c Drivers/BSP/Components/STC3115_Driver.o
 .text.STC3115_ReadRamData
                0x000000000800e46a       0x2c Drivers/BSP/Components/STC3115_Driver.o
 .text.STC3115_ReadBatteryData
                0x000000000800e496      0x156 Drivers/BSP/Components/STC3115_Driver.o
 .text.STC3115_Restore
                0x000000000800e5ec       0x60 Drivers/BSP/Components/STC3115_Driver.o
 .text.STC3115_Powerdown
                0x000000000800e64c       0x42 Drivers/BSP/Components/STC3115_Driver.o
 .text.STC3115_conv
                0x000000000800e68e       0x38 Drivers/BSP/Components/STC3115_Driver.o
 .text.STC3115_Startup
                0x000000000800e6c6       0x48 Drivers/BSP/Components/STC3115_Driver.o
 .text.STC3115_Read
                0x000000000800e70e       0x36 Drivers/BSP/Components/STC3115_Driver.o
 .text.STC3115_Write
                0x000000000800e744       0x36 Drivers/BSP/Components/STC3115_Driver.o
 .text.STC3115_ReadWord
                0x000000000800e77a       0x3a Drivers/BSP/Components/STC3115_Driver.o
 .text.STC3115_WriteWord
                0x000000000800e7b4       0x38 Drivers/BSP/Components/STC3115_Driver.o
 .text.STC3115_SetParam
                0x000000000800e7ec      0x128 Drivers/BSP/Components/STC3115_Driver.o
 .text.BSP_LED_Init
                0x000000000800e914       0xa0 Drivers/BSP/SensorTile/SensorTile.o
                0x000000000800e914                BSP_LED_Init
 .text.BSP_LED_On
                0x000000000800e9b4       0x5c Drivers/BSP/SensorTile/SensorTile.o
                0x000000000800e9b4                BSP_LED_On
 .text.BSP_LED_Off
                0x000000000800ea10       0x5c Drivers/BSP/SensorTile/SensorTile.o
                0x000000000800ea10                BSP_LED_Off
 .text.Sensor_IO_I2C_Init
                0x000000000800ea6c       0x18 Drivers/BSP/SensorTile/SensorTile.o
                0x000000000800ea6c                Sensor_IO_I2C_Init
 .text.Sensor_IO_SPI_Init
                0x000000000800ea84      0x118 Drivers/BSP/SensorTile/SensorTile.o
                0x000000000800ea84                Sensor_IO_SPI_Init
 .text.Sensor_IO_SPI_CS_Init_All
                0x000000000800eb9c      0x124 Drivers/BSP/SensorTile/SensorTile.o
                0x000000000800eb9c                Sensor_IO_SPI_CS_Init_All
 .text.Sensor_IO_SPI_CS_Init
                0x000000000800ecc0      0x12c Drivers/BSP/SensorTile/SensorTile.o
                0x000000000800ecc0                Sensor_IO_SPI_CS_Init
 .text.Sensor_IO_Write
                0x000000000800edec       0x84 Drivers/BSP/SensorTile/SensorTile.o
                0x000000000800edec                Sensor_IO_Write
 .text.Sensor_IO_I2C_Write
                0x000000000800ee70       0x30 Drivers/BSP/SensorTile/SensorTile.o
                0x000000000800ee70                Sensor_IO_I2C_Write
 .text.Sensor_IO_Read
                0x000000000800eea0       0x84 Drivers/BSP/SensorTile/SensorTile.o
                0x000000000800eea0                Sensor_IO_Read
 .text.Sensor_IO_I2C_Read
                0x000000000800ef24       0x30 Drivers/BSP/SensorTile/SensorTile.o
                0x000000000800ef24                Sensor_IO_I2C_Read
 .text.Sensor_IO_SPI_Write
                0x000000000800ef54       0x60 Drivers/BSP/SensorTile/SensorTile.o
                0x000000000800ef54                Sensor_IO_SPI_Write
 .text.Sensor_IO_SPI_Read
                0x000000000800efb4       0x9c Drivers/BSP/SensorTile/SensorTile.o
                0x000000000800efb4                Sensor_IO_SPI_Read
 .text.Sensor_IO_SPI_CS_Enable
                0x000000000800f050       0x74 Drivers/BSP/SensorTile/SensorTile.o
                0x000000000800f050                Sensor_IO_SPI_CS_Enable
 .text.Sensor_IO_SPI_CS_Disable
                0x000000000800f0c4       0x74 Drivers/BSP/SensorTile/SensorTile.o
                0x000000000800f0c4                Sensor_IO_SPI_CS_Disable
 .text.LSM6DSM_Sensor_IO_ITConfig
                0x000000000800f138       0x5c Drivers/BSP/SensorTile/SensorTile.o
                0x000000000800f138                LSM6DSM_Sensor_IO_ITConfig
 .text.SPI_Read
                0x000000000800f194       0x70 Drivers/BSP/SensorTile/SensorTile.o
                0x000000000800f194                SPI_Read
 .text.SPI_Read_nBytes
                0x000000000800f204       0xa4 Drivers/BSP/SensorTile/SensorTile.o
                0x000000000800f204                SPI_Read_nBytes
 .text.SPI_Write
                0x000000000800f2a8       0x52 Drivers/BSP/SensorTile/SensorTile.o
                0x000000000800f2a8                SPI_Write
 *fill*         0x000000000800f2fa        0x2 
 .text.I2C_SENSORTILE_Init
                0x000000000800f2fc       0x54 Drivers/BSP/SensorTile/SensorTile.o
 .text.I2C_SENSORTILE_WriteData
                0x000000000800f350       0x60 Drivers/BSP/SensorTile/SensorTile.o
 .text.I2C_SENSORTILE_ReadData
                0x000000000800f3b0       0x60 Drivers/BSP/SensorTile/SensorTile.o
 .text.I2C_SENSORTILE_Error
                0x000000000800f410       0x20 Drivers/BSP/SensorTile/SensorTile.o
 .text.I2C_SENSORTILE_MspInit
                0x000000000800f430       0xc0 Drivers/BSP/SensorTile/SensorTile.o
 .text.SD_IO_SPI_MspInit
                0x000000000800f4f0       0xc0 Drivers/BSP/SensorTile/SensorTile.o
 .text.SD_IO_SPI_Init_LS
                0x000000000800f5b0       0x78 Drivers/BSP/SensorTile/SensorTile.o
 .text.SD_IO_SPI_Init
                0x000000000800f628       0x78 Drivers/BSP/SensorTile/SensorTile.o
 .text.SD_IO_SPI_Read
                0x000000000800f6a0       0x48 Drivers/BSP/SensorTile/SensorTile.o
 .text.SD_IO_SPI_Write
                0x000000000800f6e8       0x3c Drivers/BSP/SensorTile/SensorTile.o
 .text.SD_IO_SPI_Error
                0x000000000800f724       0x18 Drivers/BSP/SensorTile/SensorTile.o
 .text.SD_IO_Init
                0x000000000800f73c       0x40 Drivers/BSP/SensorTile/SensorTile.o
                0x000000000800f73c                SD_IO_Init
 .text.SD_IO_Init_LS
                0x000000000800f77c       0x40 Drivers/BSP/SensorTile/SensorTile.o
                0x000000000800f77c                SD_IO_Init_LS
 .text.SD_IO_CS_Init
                0x000000000800f7bc       0x4c Drivers/BSP/SensorTile/SensorTile.o
                0x000000000800f7bc                SD_IO_CS_Init
 .text.SD_IO_CS_DeInit
                0x000000000800f808       0x30 Drivers/BSP/SensorTile/SensorTile.o
                0x000000000800f808                SD_IO_CS_DeInit
 .text.SD_IO_WriteByte
                0x000000000800f838       0x1a Drivers/BSP/SensorTile/SensorTile.o
                0x000000000800f838                SD_IO_WriteByte
 .text.SD_IO_ReadByte
                0x000000000800f852       0x1c Drivers/BSP/SensorTile/SensorTile.o
                0x000000000800f852                SD_IO_ReadByte
 *fill*         0x000000000800f86e        0x2 
 .text.SD_IO_WriteCmd_wResp
                0x000000000800f870       0xa0 Drivers/BSP/SensorTile/SensorTile.o
                0x000000000800f870                SD_IO_WriteCmd_wResp
 .text.SD_IO_WriteCmd
                0x000000000800f910       0x98 Drivers/BSP/SensorTile/SensorTile.o
                0x000000000800f910                SD_IO_WriteCmd
 .text.SD_IO_WaitResponse
                0x000000000800f9a8       0x3e Drivers/BSP/SensorTile/SensorTile.o
                0x000000000800f9a8                SD_IO_WaitResponse
 *fill*         0x000000000800f9e6        0x2 
 .text.SD_IO_WriteDummy
                0x000000000800f9e8       0x20 Drivers/BSP/SensorTile/SensorTile.o
                0x000000000800f9e8                SD_IO_WriteDummy
 .text.BSP_ACCELERO_Init
                0x000000000800fa08       0x6e Drivers/BSP/SensorTile/SensorTile_accelero.o
                0x000000000800fa08                BSP_ACCELERO_Init
 *fill*         0x000000000800fa76        0x2 
 .text.BSP_LSM6DSM_ACCELERO_Init
                0x000000000800fa78      0x140 Drivers/BSP/SensorTile/SensorTile_accelero.o
 .text.BSP_LSM303AGR_ACCELERO_Init
                0x000000000800fbb8      0x128 Drivers/BSP/SensorTile/SensorTile_accelero.o
 .text.BSP_ACCELERO_Sensor_Enable